[2023-04-09T23:25:00.225+0800][0.015s] Heap region size: 1M
[2023-04-09T23:25:00.450+0800][0.240s] Using G1
[2023-04-09T23:25:00.450+0800][0.240s] Heap address: 0x00000007e0000000, size: 512 MB, Compressed Oops mode: Zero based, Oop shift amount: 3
[2023-04-09T23:25:00.955+0800][0.745s] GC(0) Pause Young (Normal) (G1 Evacuation Pause)
[2023-04-09T23:25:00.956+0800][0.746s] GC(0) Using 12 workers of 13 for evacuation
[2023-04-09T23:25:00.959+0800][0.748s] GC(0)   Pre Evacuate Collection Set: 0.0ms
[2023-04-09T23:25:00.959+0800][0.748s] GC(0)   Evacuate Collection Set: 1.8ms
[2023-04-09T23:25:00.959+0800][0.748s] GC(0)   Post Evacuate Collection Set: 0.5ms
[2023-04-09T23:25:00.959+0800][0.748s] GC(0)   Other: 1.3ms
[2023-04-09T23:25:00.959+0800][0.748s] GC(0) Eden regions: 30->0(303)
[2023-04-09T23:25:00.959+0800][0.748s] GC(0) Survivor regions: 0->4(4)
[2023-04-09T23:25:00.959+0800][0.748s] GC(0) Old regions: 0->0
[2023-04-09T23:25:00.959+0800][0.748s] GC(0) Humongous regions: 0->0
[2023-04-09T23:25:00.959+0800][0.748s] GC(0) Metaspace: 12755K->12755K(1060864K)
[2023-04-09T23:25:00.959+0800][0.749s] GC(0) Pause Young (Normal) (G1 Evacuation Pause) 30M->3M(512M) 3.765ms
[2023-04-09T23:25:00.959+0800][0.749s] GC(0) User=0.02s Sys=0.01s Real=0.00s
[2023-04-09T23:25:01.370+0800][1.160s] GC(1) Pause Young (Concurrent Start) (Metadata GC Threshold)
[2023-04-09T23:25:01.370+0800][1.160s] GC(1) Using 12 workers of 13 for evacuation
[2023-04-09T23:25:01.381+0800][1.171s] GC(1)   Pre Evacuate Collection Set: 0.0ms
[2023-04-09T23:25:01.381+0800][1.171s] GC(1)   Evacuate Collection Set: 10.0ms
[2023-04-09T23:25:01.381+0800][1.171s] GC(1)   Post Evacuate Collection Set: 1.1ms
[2023-04-09T23:25:01.381+0800][1.171s] GC(1)   Other: 0.2ms
[2023-04-09T23:25:01.381+0800][1.171s] GC(1) Eden regions: 35->0(108)
[2023-04-09T23:25:01.381+0800][1.171s] GC(1) Survivor regions: 4->12(39)
[2023-04-09T23:25:01.381+0800][1.171s] GC(1) Old regions: 0->0
[2023-04-09T23:25:01.381+0800][1.171s] GC(1) Humongous regions: 4->4
[2023-04-09T23:25:01.381+0800][1.171s] GC(1) Metaspace: 20460K->20460K(1069056K)
[2023-04-09T23:25:01.381+0800][1.171s] GC(1) Pause Young (Concurrent Start) (Metadata GC Threshold) 41M->15M(512M) 11.451ms
[2023-04-09T23:25:01.381+0800][1.171s] GC(1) User=0.06s Sys=0.00s Real=0.01s
[2023-04-09T23:25:01.381+0800][1.171s] GC(2) Concurrent Cycle
[2023-04-09T23:25:01.381+0800][1.171s] GC(2) Concurrent Clear Claimed Marks
[2023-04-09T23:25:01.381+0800][1.171s] GC(2) Concurrent Clear Claimed Marks 0.021ms
[2023-04-09T23:25:01.382+0800][1.171s] GC(2) Concurrent Scan Root Regions
[2023-04-09T23:25:01.385+0800][1.175s] GC(2) Concurrent Scan Root Regions 3.194ms
[2023-04-09T23:25:01.385+0800][1.175s] GC(2) Concurrent Mark (1.175s)
[2023-04-09T23:25:01.385+0800][1.175s] GC(2) Concurrent Mark From Roots
[2023-04-09T23:25:01.385+0800][1.175s] GC(2) Using 3 workers of 3 for marking
[2023-04-09T23:25:01.386+0800][1.175s] GC(2) Concurrent Mark From Roots 0.767ms
[2023-04-09T23:25:01.386+0800][1.175s] GC(2) Concurrent Preclean
[2023-04-09T23:25:01.386+0800][1.175s] GC(2) Concurrent Preclean 0.033ms
[2023-04-09T23:25:01.386+0800][1.175s] GC(2) Concurrent Mark (1.175s, 1.175s) 0.868ms
[2023-04-09T23:25:01.386+0800][1.176s] GC(2) Pause Remark
[2023-04-09T23:25:01.387+0800][1.177s] GC(2) Cleaned string and symbol table, strings: 8938 processed, 0 removed, symbols: 65386 processed, 17 removed
[2023-04-09T23:25:01.387+0800][1.177s] GC(2) Pause Remark 16M->16M(512M) 1.711ms
[2023-04-09T23:25:01.387+0800][1.177s] GC(2) User=0.02s Sys=0.00s Real=0.00s
[2023-04-09T23:25:01.388+0800][1.177s] GC(2) Concurrent Rebuild Remembered Sets
[2023-04-09T23:25:01.390+0800][1.179s] GC(2) Concurrent Rebuild Remembered Sets 2.132ms
[2023-04-09T23:25:01.390+0800][1.180s] GC(2) Pause Cleanup
[2023-04-09T23:25:01.390+0800][1.180s] GC(2) Pause Cleanup 16M->16M(512M) 0.141ms
[2023-04-09T23:25:01.390+0800][1.180s] GC(2) User=0.00s Sys=0.00s Real=0.00s
[2023-04-09T23:25:01.390+0800][1.180s] GC(2) Concurrent Cleanup for Next Mark
[2023-04-09T23:25:01.391+0800][1.180s] GC(2) Concurrent Cleanup for Next Mark 0.582ms
[2023-04-09T23:25:01.391+0800][1.180s] GC(2) Concurrent Cycle 9.229ms
[2023-04-09T23:25:42.595+0800][42.384s] GC(3) Pause Young (Normal) (G1 Evacuation Pause)
[2023-04-09T23:25:42.595+0800][42.385s] GC(3) Using 13 workers of 13 for evacuation
[2023-04-09T23:25:42.634+0800][42.424s] GC(3)   Pre Evacuate Collection Set: 0.0ms
[2023-04-09T23:25:42.634+0800][42.424s] GC(3)   Evacuate Collection Set: 36.8ms
[2023-04-09T23:25:42.634+0800][42.424s] GC(3)   Post Evacuate Collection Set: 2.0ms
[2023-04-09T23:25:42.634+0800][42.424s] GC(3)   Other: 0.5ms
[2023-04-09T23:25:42.635+0800][42.424s] GC(3) Eden regions: 51->0(76)
[2023-04-09T23:25:42.635+0800][42.424s] GC(3) Survivor regions: 12->5(8)
[2023-04-09T23:25:42.635+0800][42.424s] GC(3) Old regions: 0->12
[2023-04-09T23:25:42.635+0800][42.424s] GC(3) Humongous regions: 4->4
[2023-04-09T23:25:42.635+0800][42.424s] GC(3) Metaspace: 28093K->28093K(1075200K)
[2023-04-09T23:25:42.635+0800][42.424s] GC(3) Pause Young (Normal) (G1 Evacuation Pause) 66M->20M(512M) 39.500ms
[2023-04-09T23:25:42.635+0800][42.424s] GC(3) User=0.19s Sys=0.11s Real=0.04s
[2023-04-09T23:25:43.250+0800][43.040s] GC(4) Pause Young (Normal) (G1 Evacuation Pause)
[2023-04-09T23:25:43.262+0800][43.052s] GC(4) Using 13 workers of 13 for evacuation
[2023-04-09T23:25:43.268+0800][43.057s] GC(4)   Pre Evacuate Collection Set: 0.0ms
[2023-04-09T23:25:43.279+0800][43.068s] GC(4)   Evacuate Collection Set: 4.7ms
[2023-04-09T23:25:43.279+0800][43.068s] GC(4)   Post Evacuate Collection Set: 0.8ms
[2023-04-09T23:25:43.279+0800][43.068s] GC(4)   Other: 11.9ms
[2023-04-09T23:25:43.279+0800][43.068s] GC(4) Eden regions: 76->0(106)
[2023-04-09T23:25:43.279+0800][43.068s] GC(4) Survivor regions: 5->9(11)
[2023-04-09T23:25:43.279+0800][43.068s] GC(4) Old regions: 12->12
[2023-04-09T23:25:43.279+0800][43.068s] GC(4) Humongous regions: 4->4
[2023-04-09T23:25:43.279+0800][43.068s] GC(4) Metaspace: 31790K->31790K(1079296K)
[2023-04-09T23:25:43.279+0800][43.068s] GC(4) Pause Young (Normal) (G1 Evacuation Pause) 96M->23M(512M) 28.454ms
[2023-04-09T23:25:43.279+0800][43.068s] GC(4) User=0.03s Sys=0.03s Real=0.02s
[2023-04-09T23:25:43.573+0800][43.362s] GC(5) Pause Young (Concurrent Start) (Metadata GC Threshold)
[2023-04-09T23:25:43.573+0800][43.362s] GC(5) Using 13 workers of 13 for evacuation
[2023-04-09T23:25:43.579+0800][43.368s] GC(5)   Pre Evacuate Collection Set: 0.1ms
[2023-04-09T23:25:43.579+0800][43.368s] GC(5)   Evacuate Collection Set: 4.7ms
[2023-04-09T23:25:43.579+0800][43.368s] GC(5)   Post Evacuate Collection Set: 0.5ms
[2023-04-09T23:25:43.579+0800][43.368s] GC(5)   Other: 0.4ms
[2023-04-09T23:25:43.579+0800][43.368s] GC(5) Eden regions: 40->0(144)
[2023-04-09T23:25:43.579+0800][43.368s] GC(5) Survivor regions: 9->6(15)
[2023-04-09T23:25:43.579+0800][43.368s] GC(5) Old regions: 12->16
[2023-04-09T23:25:43.579+0800][43.368s] GC(5) Humongous regions: 5->4
[2023-04-09T23:25:43.579+0800][43.368s] GC(5) Metaspace: 34439K->34439K(1081344K)
[2023-04-09T23:25:43.579+0800][43.368s] GC(5) Pause Young (Concurrent Start) (Metadata GC Threshold) 64M->25M(512M) 5.846ms
[2023-04-09T23:25:43.579+0800][43.368s] GC(5) User=0.02s Sys=0.01s Real=0.00s
[2023-04-09T23:25:43.579+0800][43.368s] GC(6) Concurrent Cycle
[2023-04-09T23:25:43.579+0800][43.368s] GC(6) Concurrent Clear Claimed Marks
[2023-04-09T23:25:43.579+0800][43.368s] GC(6) Concurrent Clear Claimed Marks 0.048ms
[2023-04-09T23:25:43.579+0800][43.368s] GC(6) Concurrent Scan Root Regions
[2023-04-09T23:25:43.580+0800][43.369s] GC(6) Concurrent Scan Root Regions 0.680ms
[2023-04-09T23:25:43.580+0800][43.369s] GC(6) Concurrent Mark (43.369s)
[2023-04-09T23:25:43.580+0800][43.369s] GC(6) Concurrent Mark From Roots
[2023-04-09T23:25:43.580+0800][43.369s] GC(6) Using 3 workers of 3 for marking
[2023-04-09T23:25:43.589+0800][43.379s] GC(6) Concurrent Mark From Roots 9.658ms
[2023-04-09T23:25:43.589+0800][43.379s] GC(6) Concurrent Preclean
[2023-04-09T23:25:43.589+0800][43.379s] GC(6) Concurrent Preclean 0.096ms
[2023-04-09T23:25:43.589+0800][43.379s] GC(6) Concurrent Mark (43.369s, 43.379s) 9.855ms
[2023-04-09T23:25:43.590+0800][43.379s] GC(6) Pause Remark
[2023-04-09T23:25:43.599+0800][43.388s] GC(6) Cleaned string and symbol table, strings: 15699 processed, 15 removed, symbols: 111293 processed, 44 removed
[2023-04-09T23:25:43.599+0800][43.388s] GC(6) Pause Remark 26M->26M(512M) 9.479ms
[2023-04-09T23:25:43.599+0800][43.388s] GC(6) User=0.03s Sys=0.03s Real=0.00s
[2023-04-09T23:25:43.599+0800][43.389s] GC(6) Concurrent Rebuild Remembered Sets
[2023-04-09T23:25:43.607+0800][43.396s] GC(6) Concurrent Rebuild Remembered Sets 7.438ms
[2023-04-09T23:25:43.607+0800][43.396s] GC(6) Pause Cleanup
[2023-04-09T23:25:43.607+0800][43.396s] GC(6) Pause Cleanup 27M->27M(512M) 0.159ms
[2023-04-09T23:25:43.607+0800][43.396s] GC(6) User=0.00s Sys=0.00s Real=0.00s
[2023-04-09T23:25:43.607+0800][43.396s] GC(6) Concurrent Cleanup for Next Mark
[2023-04-09T23:25:43.611+0800][43.400s] GC(6) Concurrent Cleanup for Next Mark 3.509ms
[2023-04-09T23:25:43.611+0800][43.400s] GC(6) Concurrent Cycle 31.787ms
[2023-04-09T23:25:45.440+0800][45.230s] GC(7) Pause Young (Normal) (G1 Evacuation Pause)
[2023-04-09T23:25:45.440+0800][45.230s] GC(7) Using 13 workers of 13 for evacuation
[2023-04-09T23:25:45.454+0800][45.243s] GC(7)   Pre Evacuate Collection Set: 0.0ms
[2023-04-09T23:25:45.454+0800][45.243s] GC(7)   Evacuate Collection Set: 13.3ms
[2023-04-09T23:25:45.454+0800][45.243s] GC(7)   Post Evacuate Collection Set: 0.5ms
[2023-04-09T23:25:45.454+0800][45.243s] GC(7)   Other: 0.1ms
[2023-04-09T23:25:45.454+0800][45.243s] GC(7) Eden regions: 144->0(201)
[2023-04-09T23:25:45.454+0800][45.243s] GC(7) Survivor regions: 6->16(19)
[2023-04-09T23:25:45.454+0800][45.244s] GC(7) Old regions: 16->16
[2023-04-09T23:25:45.454+0800][45.244s] GC(7) Humongous regions: 4->4
[2023-04-09T23:25:45.454+0800][45.244s] GC(7) Metaspace: 48072K->48072K(1093632K)
[2023-04-09T23:25:45.454+0800][45.244s] GC(7) Pause Young (Normal) (G1 Evacuation Pause) 169M->35M(512M) 14.017ms
[2023-04-09T23:25:45.454+0800][45.244s] GC(7) User=0.04s Sys=0.06s Real=0.01s
[2023-04-09T23:25:46.022+0800][45.811s] GC(8) Pause Young (Concurrent Start) (Metadata GC Threshold)
[2023-04-09T23:25:46.022+0800][45.811s] GC(8) Using 13 workers of 13 for evacuation
[2023-04-09T23:25:46.042+0800][45.831s] GC(8)   Pre Evacuate Collection Set: 0.1ms
[2023-04-09T23:25:46.042+0800][45.831s] GC(8)   Evacuate Collection Set: 19.3ms
[2023-04-09T23:25:46.042+0800][45.831s] GC(8)   Post Evacuate Collection Set: 0.5ms
[2023-04-09T23:25:46.042+0800][45.831s] GC(8)   Other: 0.3ms
[2023-04-09T23:25:46.042+0800][45.831s] GC(8) Eden regions: 152->0(288)
[2023-04-09T23:25:46.042+0800][45.831s] GC(8) Survivor regions: 16->19(28)
[2023-04-09T23:25:46.042+0800][45.831s] GC(8) Old regions: 16->20
[2023-04-09T23:25:46.042+0800][45.831s] GC(8) Humongous regions: 5->4
[2023-04-09T23:25:46.042+0800][45.831s] GC(8) Metaspace: 58062K->58062K(1101824K)
[2023-04-09T23:25:46.042+0800][45.831s] GC(8) Pause Young (Concurrent Start) (Metadata GC Threshold) 188M->41M(512M) 20.233ms
[2023-04-09T23:25:46.042+0800][45.831s] GC(8) User=0.07s Sys=0.05s Real=0.02s
[2023-04-09T23:25:46.042+0800][45.831s] GC(9) Concurrent Cycle
[2023-04-09T23:25:46.042+0800][45.831s] GC(9) Concurrent Clear Claimed Marks
[2023-04-09T23:25:46.042+0800][45.831s] GC(9) Concurrent Clear Claimed Marks 0.048ms
[2023-04-09T23:25:46.042+0800][45.831s] GC(9) Concurrent Scan Root Regions
[2023-04-09T23:25:46.045+0800][45.834s] GC(9) Concurrent Scan Root Regions 3.151ms
[2023-04-09T23:25:46.045+0800][45.834s] GC(9) Concurrent Mark (45.834s)
[2023-04-09T23:25:46.045+0800][45.834s] GC(9) Concurrent Mark From Roots
[2023-04-09T23:25:46.045+0800][45.834s] GC(9) Using 3 workers of 3 for marking
[2023-04-09T23:25:46.056+0800][45.846s] GC(9) Concurrent Mark From Roots 11.230ms
[2023-04-09T23:25:46.056+0800][45.846s] GC(9) Concurrent Preclean
[2023-04-09T23:25:46.057+0800][45.846s] GC(9) Concurrent Preclean 0.221ms
[2023-04-09T23:25:46.057+0800][45.846s] GC(9) Concurrent Mark (45.834s, 45.846s) 11.546ms
[2023-04-09T23:25:46.057+0800][45.846s] GC(9) Pause Remark
[2023-04-09T23:25:46.060+0800][45.849s] GC(9) Cleaned string and symbol table, strings: 26842 processed, 9 removed, symbols: 179720 processed, 323 removed
[2023-04-09T23:25:46.060+0800][45.849s] GC(9) Pause Remark 47M->47M(512M) 3.233ms
[2023-04-09T23:25:46.060+0800][45.849s] GC(9) User=0.02s Sys=0.00s Real=0.01s
[2023-04-09T23:25:46.060+0800][45.850s] GC(9) Concurrent Rebuild Remembered Sets
[2023-04-09T23:25:46.067+0800][45.856s] GC(9) Concurrent Rebuild Remembered Sets 6.611ms
[2023-04-09T23:25:46.067+0800][45.857s] GC(9) Pause Cleanup
[2023-04-09T23:25:46.067+0800][45.857s] GC(9) Pause Cleanup 48M->48M(512M) 0.147ms
[2023-04-09T23:25:46.068+0800][45.857s] GC(9) User=0.00s Sys=0.00s Real=0.00s
[2023-04-09T23:25:46.068+0800][45.857s] GC(9) Concurrent Cleanup for Next Mark
[2023-04-09T23:25:46.069+0800][45.858s] GC(9) Concurrent Cleanup for Next Mark 1.006ms
[2023-04-09T23:25:46.069+0800][45.858s] GC(9) Concurrent Cycle 26.836ms
