[2023-04-06T22:23:52.683+0800][0.008s] Heap region size: 1M
[2023-04-06T22:23:52.878+0800][0.203s] Using G1
[2023-04-06T22:23:52.878+0800][0.203s] Heap address: 0x00000007e0000000, size: 512 MB, Compressed Oops mode: Zero based, Oop shift amount: 3
[2023-04-06T22:23:53.487+0800][0.812s] GC(0) Pause Young (Normal) (G1 Evacuation Pause)
[2023-04-06T22:23:53.487+0800][0.812s] GC(0) Using 12 workers of 13 for evacuation
[2023-04-06T22:23:53.490+0800][0.815s] GC(0)   Pre Evacuate Collection Set: 0.0ms
[2023-04-06T22:23:53.490+0800][0.815s] GC(0)   Evacuate Collection Set: 1.9ms
[2023-04-06T22:23:53.490+0800][0.815s] GC(0)   Post Evacuate Collection Set: 0.9ms
[2023-04-06T22:23:53.490+0800][0.815s] GC(0)   Other: 0.6ms
[2023-04-06T22:23:53.490+0800][0.815s] GC(0) Eden regions: 30->0(303)
[2023-04-06T22:23:53.490+0800][0.815s] GC(0) Survivor regions: 0->4(4)
[2023-04-06T22:23:53.490+0800][0.815s] GC(0) Old regions: 0->0
[2023-04-06T22:23:53.490+0800][0.815s] GC(0) Humongous regions: 0->0
[2023-04-06T22:23:53.490+0800][0.815s] GC(0) Metaspace: 13262K->13262K(1060864K)
[2023-04-06T22:23:53.490+0800][0.815s] GC(0) Pause Young (Normal) (G1 Evacuation Pause) 30M->3M(512M) 3.487ms
[2023-04-06T22:23:53.490+0800][0.815s] GC(0) User=0.03s Sys=0.00s Real=0.01s
[2023-04-06T22:23:54.033+0800][1.358s] GC(1) Pause Young (Concurrent Start) (Metadata GC Threshold)
[2023-04-06T22:23:54.033+0800][1.358s] GC(1) Using 12 workers of 13 for evacuation
[2023-04-06T22:23:54.046+0800][1.371s] GC(1)   Pre Evacuate Collection Set: 0.0ms
[2023-04-06T22:23:54.046+0800][1.371s] GC(1)   Evacuate Collection Set: 10.9ms
[2023-04-06T22:23:54.046+0800][1.371s] GC(1)   Post Evacuate Collection Set: 0.9ms
[2023-04-06T22:23:54.046+0800][1.371s] GC(1)   Other: 0.3ms
[2023-04-06T22:23:54.046+0800][1.371s] GC(1) Eden regions: 31->0(66)
[2023-04-06T22:23:54.046+0800][1.371s] GC(1) Survivor regions: 4->12(39)
[2023-04-06T22:23:54.046+0800][1.371s] GC(1) Old regions: 0->0
[2023-04-06T22:23:54.046+0800][1.371s] GC(1) Humongous regions: 4->4
[2023-04-06T22:23:54.046+0800][1.371s] GC(1) Metaspace: 20504K->20504K(1069056K)
[2023-04-06T22:23:54.046+0800][1.371s] GC(1) Pause Young (Concurrent Start) (Metadata GC Threshold) 37M->15M(512M) 12.381ms
[2023-04-06T22:23:54.046+0800][1.371s] GC(1) User=0.08s Sys=0.00s Real=0.01s
[2023-04-06T22:23:54.046+0800][1.371s] GC(2) Concurrent Cycle
[2023-04-06T22:23:54.046+0800][1.371s] GC(2) Concurrent Clear Claimed Marks
[2023-04-06T22:23:54.046+0800][1.371s] GC(2) Concurrent Clear Claimed Marks 0.038ms
[2023-04-06T22:23:54.046+0800][1.371s] GC(2) Concurrent Scan Root Regions
[2023-04-06T22:23:54.049+0800][1.374s] GC(2) Concurrent Scan Root Regions 3.399ms
[2023-04-06T22:23:54.049+0800][1.374s] GC(2) Concurrent Mark (1.374s)
[2023-04-06T22:23:54.049+0800][1.374s] GC(2) Concurrent Mark From Roots
[2023-04-06T22:23:54.049+0800][1.374s] GC(2) Using 3 workers of 3 for marking
[2023-04-06T22:23:54.051+0800][1.376s] GC(2) Concurrent Mark From Roots 1.123ms
[2023-04-06T22:23:54.051+0800][1.376s] GC(2) Concurrent Preclean
[2023-04-06T22:23:54.051+0800][1.376s] GC(2) Concurrent Preclean 0.042ms
[2023-04-06T22:23:54.051+0800][1.376s] GC(2) Concurrent Mark (1.374s, 1.376s) 1.232ms
[2023-04-06T22:23:54.051+0800][1.376s] GC(2) Pause Remark
[2023-04-06T22:23:54.052+0800][1.377s] GC(2) Cleaned string and symbol table, strings: 8945 processed, 0 removed, symbols: 65427 processed, 17 removed
[2023-04-06T22:23:54.052+0800][1.377s] GC(2) Pause Remark 16M->16M(512M) 1.617ms
[2023-04-06T22:23:54.052+0800][1.378s] GC(2) User=0.02s Sys=0.00s Real=0.00s
[2023-04-06T22:23:54.053+0800][1.378s] GC(2) Concurrent Rebuild Remembered Sets
[2023-04-06T22:23:54.056+0800][1.381s] GC(2) Concurrent Rebuild Remembered Sets 3.090ms
[2023-04-06T22:23:54.056+0800][1.381s] GC(2) Pause Cleanup
[2023-04-06T22:23:54.056+0800][1.381s] GC(2) Pause Cleanup 16M->16M(512M) 0.145ms
[2023-04-06T22:23:54.056+0800][1.381s] GC(2) User=0.00s Sys=0.00s Real=0.00s
[2023-04-06T22:23:54.056+0800][1.381s] GC(2) Concurrent Cleanup for Next Mark
[2023-04-06T22:23:54.057+0800][1.382s] GC(2) Concurrent Cleanup for Next Mark 0.750ms
[2023-04-06T22:23:54.057+0800][1.382s] GC(2) Concurrent Cycle 10.986ms
[2023-04-06T22:24:34.722+0800][42.047s] GC(3) Pause Young (Normal) (G1 Evacuation Pause)
[2023-04-06T22:24:34.722+0800][42.047s] GC(3) Using 13 workers of 13 for evacuation
[2023-04-06T22:24:34.729+0800][42.054s] GC(3)   Pre Evacuate Collection Set: 0.0ms
[2023-04-06T22:24:34.729+0800][42.054s] GC(3)   Evacuate Collection Set: 6.2ms
[2023-04-06T22:24:34.729+0800][42.054s] GC(3)   Post Evacuate Collection Set: 1.1ms
[2023-04-06T22:24:34.730+0800][42.054s] GC(3)   Other: 0.2ms
[2023-04-06T22:24:34.730+0800][42.054s] GC(3) Eden regions: 36->0(84)
[2023-04-06T22:24:34.730+0800][42.054s] GC(3) Survivor regions: 12->5(6)
[2023-04-06T22:24:34.730+0800][42.054s] GC(3) Old regions: 0->12
[2023-04-06T22:24:34.730+0800][42.054s] GC(3) Humongous regions: 4->4
[2023-04-06T22:24:34.730+0800][42.054s] GC(3) Metaspace: 28072K->28072K(1075200K)
[2023-04-06T22:24:34.730+0800][42.054s] GC(3) Pause Young (Normal) (G1 Evacuation Pause) 51M->20M(512M) 7.646ms
[2023-04-06T22:24:34.730+0800][42.054s] GC(3) User=0.10s Sys=0.00s Real=0.01s
[2023-04-06T22:24:35.274+0800][42.599s] GC(4) Pause Young (Normal) (G1 Evacuation Pause)
[2023-04-06T22:24:35.275+0800][42.599s] GC(4) Using 13 workers of 13 for evacuation
[2023-04-06T22:24:35.278+0800][42.603s] GC(4)   Pre Evacuate Collection Set: 0.0ms
[2023-04-06T22:24:35.278+0800][42.603s] GC(4)   Evacuate Collection Set: 2.7ms
[2023-04-06T22:24:35.278+0800][42.603s] GC(4)   Post Evacuate Collection Set: 1.0ms
[2023-04-06T22:24:35.278+0800][42.603s] GC(4)   Other: 0.2ms
[2023-04-06T22:24:35.278+0800][42.603s] GC(4) Eden regions: 84->0(115)
[2023-04-06T22:24:35.278+0800][42.603s] GC(4) Survivor regions: 5->10(12)
[2023-04-06T22:24:35.278+0800][42.603s] GC(4) Old regions: 12->12
[2023-04-06T22:24:35.278+0800][42.603s] GC(4) Humongous regions: 5->4
[2023-04-06T22:24:35.278+0800][42.603s] GC(4) Metaspace: 34214K->34214K(1081344K)
[2023-04-06T22:24:35.278+0800][42.603s] GC(4) Pause Young (Normal) (G1 Evacuation Pause) 105M->25M(512M) 4.024ms
[2023-04-06T22:24:35.279+0800][42.603s] GC(4) User=0.03s Sys=0.00s Real=0.00s
[2023-04-06T22:24:35.299+0800][42.623s] GC(5) Pause Young (Concurrent Start) (Metadata GC Threshold)
[2023-04-06T22:24:35.299+0800][42.623s] GC(5) Using 13 workers of 13 for evacuation
[2023-04-06T22:24:35.302+0800][42.626s] GC(5)   Pre Evacuate Collection Set: 0.0ms
[2023-04-06T22:24:35.302+0800][42.626s] GC(5)   Evacuate Collection Set: 2.5ms
[2023-04-06T22:24:35.302+0800][42.626s] GC(5)   Post Evacuate Collection Set: 0.3ms
[2023-04-06T22:24:35.302+0800][42.626s] GC(5)   Other: 0.1ms
[2023-04-06T22:24:35.302+0800][42.626s] GC(5) Eden regions: 3->0(129)
[2023-04-06T22:24:35.302+0800][42.626s] GC(5) Survivor regions: 10->6(16)
[2023-04-06T22:24:35.302+0800][42.626s] GC(5) Old regions: 12->16
[2023-04-06T22:24:35.302+0800][42.626s] GC(5) Humongous regions: 4->4
[2023-04-06T22:24:35.302+0800][42.626s] GC(5) Metaspace: 34569K->34569K(1081344K)
[2023-04-06T22:24:35.302+0800][42.626s] GC(5) Pause Young (Concurrent Start) (Metadata GC Threshold) 27M->25M(512M) 3.111ms
[2023-04-06T22:24:35.302+0800][42.626s] GC(5) User=0.02s Sys=0.00s Real=0.01s
[2023-04-06T22:24:35.302+0800][42.627s] GC(6) Concurrent Cycle
[2023-04-06T22:24:35.302+0800][42.627s] GC(6) Concurrent Clear Claimed Marks
[2023-04-06T22:24:35.302+0800][42.627s] GC(6) Concurrent Clear Claimed Marks 0.018ms
[2023-04-06T22:24:35.302+0800][42.627s] GC(6) Concurrent Scan Root Regions
[2023-04-06T22:24:35.303+0800][42.627s] GC(6) Concurrent Scan Root Regions 0.697ms
[2023-04-06T22:24:35.303+0800][42.627s] GC(6) Concurrent Mark (42.627s)
[2023-04-06T22:24:35.303+0800][42.627s] GC(6) Concurrent Mark From Roots
[2023-04-06T22:24:35.303+0800][42.627s] GC(6) Using 3 workers of 3 for marking
[2023-04-06T22:24:35.317+0800][42.642s] GC(6) Concurrent Mark From Roots 14.549ms
[2023-04-06T22:24:35.317+0800][42.642s] GC(6) Concurrent Preclean
[2023-04-06T22:24:35.317+0800][42.642s] GC(6) Concurrent Preclean 0.098ms
[2023-04-06T22:24:35.317+0800][42.642s] GC(6) Concurrent Mark (42.627s, 42.642s) 14.774ms
[2023-04-06T22:24:35.318+0800][42.642s] GC(6) Pause Remark
[2023-04-06T22:24:35.321+0800][42.646s] GC(6) Cleaned string and symbol table, strings: 15740 processed, 15 removed, symbols: 112010 processed, 45 removed
[2023-04-06T22:24:35.321+0800][42.646s] GC(6) Pause Remark 26M->26M(512M) 3.417ms
[2023-04-06T22:24:35.321+0800][42.646s] GC(6) User=0.03s Sys=0.00s Real=0.01s
[2023-04-06T22:24:35.321+0800][42.646s] GC(6) Concurrent Rebuild Remembered Sets
[2023-04-06T22:24:35.327+0800][42.652s] GC(6) Concurrent Rebuild Remembered Sets 6.038ms
[2023-04-06T22:24:35.327+0800][42.652s] GC(6) Pause Cleanup
[2023-04-06T22:24:35.328+0800][42.652s] GC(6) Pause Cleanup 27M->27M(512M) 0.151ms
[2023-04-06T22:24:35.328+0800][42.652s] GC(6) User=0.00s Sys=0.00s Real=0.00s
[2023-04-06T22:24:35.328+0800][42.652s] GC(6) Concurrent Cleanup for Next Mark
[2023-04-06T22:24:35.328+0800][42.653s] GC(6) Concurrent Cleanup for Next Mark 0.722ms
[2023-04-06T22:24:35.328+0800][42.653s] GC(6) Concurrent Cycle 26.627ms
[2023-04-06T22:24:36.434+0800][43.758s] GC(7) Pause Young (Normal) (G1 Evacuation Pause)
[2023-04-06T22:24:36.434+0800][43.758s] GC(7) Using 13 workers of 13 for evacuation
[2023-04-06T22:24:36.438+0800][43.762s] GC(7)   Pre Evacuate Collection Set: 0.0ms
[2023-04-06T22:24:36.438+0800][43.763s] GC(7)   Evacuate Collection Set: 3.1ms
[2023-04-06T22:24:36.438+0800][43.763s] GC(7)   Post Evacuate Collection Set: 1.0ms
[2023-04-06T22:24:36.438+0800][43.763s] GC(7)   Other: 0.2ms
[2023-04-06T22:24:36.438+0800][43.763s] GC(7) Eden regions: 129->0(205)
[2023-04-06T22:24:36.438+0800][43.763s] GC(7) Survivor regions: 6->15(17)
[2023-04-06T22:24:36.438+0800][43.763s] GC(7) Old regions: 16->16
[2023-04-06T22:24:36.438+0800][43.763s] GC(7) Humongous regions: 4->4
[2023-04-06T22:24:36.438+0800][43.763s] GC(7) Metaspace: 47715K->47715K(1093632K)
[2023-04-06T22:24:36.438+0800][43.763s] GC(7) Pause Young (Normal) (G1 Evacuation Pause) 154M->34M(512M) 4.424ms
[2023-04-06T22:24:36.438+0800][43.763s] GC(7) User=0.05s Sys=0.00s Real=0.00s
[2023-04-06T22:24:36.875+0800][44.199s] GC(8) Pause Young (Concurrent Start) (Metadata GC Threshold)
[2023-04-06T22:24:36.875+0800][44.199s] GC(8) Using 13 workers of 13 for evacuation
[2023-04-06T22:24:36.881+0800][44.206s] GC(8)   Pre Evacuate Collection Set: 0.0ms
[2023-04-06T22:24:36.881+0800][44.206s] GC(8)   Evacuate Collection Set: 5.6ms
[2023-04-06T22:24:36.881+0800][44.206s] GC(8)   Post Evacuate Collection Set: 1.1ms
[2023-04-06T22:24:36.881+0800][44.206s] GC(8)   Other: 0.2ms
[2023-04-06T22:24:36.881+0800][44.206s] GC(8) Eden regions: 143->0(232)
[2023-04-06T22:24:36.881+0800][44.206s] GC(8) Survivor regions: 15->17(28)
[2023-04-06T22:24:36.881+0800][44.206s] GC(8) Old regions: 16->21
[2023-04-06T22:24:36.881+0800][44.206s] GC(8) Humongous regions: 5->4
[2023-04-06T22:24:36.881+0800][44.206s] GC(8) Metaspace: 58330K->58330K(1101824K)
[2023-04-06T22:24:36.881+0800][44.206s] GC(8) Pause Young (Concurrent Start) (Metadata GC Threshold) 178M->40M(512M) 6.909ms
[2023-04-06T22:24:36.881+0800][44.206s] GC(8) User=0.07s Sys=0.00s Real=0.01s
[2023-04-06T22:24:36.882+0800][44.206s] GC(9) Concurrent Cycle
[2023-04-06T22:24:36.882+0800][44.206s] GC(9) Concurrent Clear Claimed Marks
[2023-04-06T22:24:36.882+0800][44.206s] GC(9) Concurrent Clear Claimed Marks 0.028ms
[2023-04-06T22:24:36.882+0800][44.206s] GC(9) Concurrent Scan Root Regions
[2023-04-06T22:24:36.885+0800][44.209s] GC(9) Concurrent Scan Root Regions 3.000ms
[2023-04-06T22:24:36.885+0800][44.209s] GC(9) Concurrent Mark (44.209s)
[2023-04-06T22:24:36.885+0800][44.209s] GC(9) Concurrent Mark From Roots
[2023-04-06T22:24:36.885+0800][44.209s] GC(9) Using 3 workers of 3 for marking
[2023-04-06T22:24:36.897+0800][44.222s] GC(9) Concurrent Mark From Roots 12.321ms
[2023-04-06T22:24:36.897+0800][44.222s] GC(9) Concurrent Preclean
[2023-04-06T22:24:36.897+0800][44.222s] GC(9) Concurrent Preclean 0.077ms
[2023-04-06T22:24:36.897+0800][44.222s] GC(9) Concurrent Mark (44.209s, 44.222s) 12.462ms
[2023-04-06T22:24:36.897+0800][44.222s] GC(9) Pause Remark
[2023-04-06T22:24:36.900+0800][44.225s] GC(9) Cleaned string and symbol table, strings: 26700 processed, 9 removed, symbols: 179288 processed, 327 removed
[2023-04-06T22:24:36.900+0800][44.225s] GC(9) Pause Remark 49M->49M(512M) 2.969ms
[2023-04-06T22:24:36.900+0800][44.225s] GC(9) User=0.03s Sys=0.00s Real=0.01s
[2023-04-06T22:24:36.900+0800][44.225s] GC(9) Concurrent Rebuild Remembered Sets
[2023-04-06T22:24:36.907+0800][44.232s] GC(9) Concurrent Rebuild Remembered Sets 7.027ms
[2023-04-06T22:24:36.908+0800][44.233s] GC(9) Pause Cleanup
[2023-04-06T22:24:36.908+0800][44.233s] GC(9) Pause Cleanup 50M->50M(512M) 0.148ms
[2023-04-06T22:24:36.909+0800][44.233s] GC(9) User=0.00s Sys=0.00s Real=0.00s
[2023-04-06T22:24:36.909+0800][44.233s] GC(9) Concurrent Cleanup for Next Mark
[2023-04-06T22:24:36.909+0800][44.234s] GC(9) Concurrent Cleanup for Next Mark 0.616ms
[2023-04-06T22:24:36.909+0800][44.234s] GC(9) Concurrent Cycle 27.688ms
[2023-04-06T22:27:21.585+0800][208.920s] GC(10) Pause Young (Concurrent Start) (G1 Evacuation Pause)
[2023-04-06T22:27:21.585+0800][208.920s] GC(10) Using 13 workers of 13 for evacuation
[2023-04-06T22:27:21.618+0800][208.953s] GC(10)   Pre Evacuate Collection Set: 0.1ms
[2023-04-06T22:27:21.618+0800][208.953s] GC(10)   Evacuate Collection Set: 31.6ms
[2023-04-06T22:27:21.618+0800][208.953s] GC(10)   Post Evacuate Collection Set: 0.8ms
[2023-04-06T22:27:21.618+0800][208.953s] GC(10)   Other: 0.6ms
[2023-04-06T22:27:21.618+0800][208.953s] GC(10) Eden regions: 232->0(275)
[2023-04-06T22:27:21.618+0800][208.953s] GC(10) Survivor regions: 17->32(32)
[2023-04-06T22:27:21.618+0800][208.953s] GC(10) Old regions: 21->22
[2023-04-06T22:27:21.618+0800][208.953s] GC(10) Humongous regions: 4->4
[2023-04-06T22:27:21.618+0800][208.953s] GC(10) Metaspace: 68682K->68682K(1112064K)
[2023-04-06T22:27:21.618+0800][208.953s] GC(10) Pause Young (Concurrent Start) (G1 Evacuation Pause) 272M->57M(512M) 33.164ms
[2023-04-06T22:27:21.618+0800][208.953s] GC(10) User=0.08s Sys=0.00s Real=0.03s
[2023-04-06T22:27:21.618+0800][208.953s] GC(11) Concurrent Cycle
[2023-04-06T22:27:21.618+0800][208.953s] GC(11) Concurrent Clear Claimed Marks
[2023-04-06T22:27:21.618+0800][208.953s] GC(11) Concurrent Clear Claimed Marks 0.124ms
[2023-04-06T22:27:21.618+0800][208.953s] GC(11) Concurrent Scan Root Regions
[2023-04-06T22:27:21.624+0800][208.959s] GC(11) Concurrent Scan Root Regions 6.152ms
[2023-04-06T22:27:21.624+0800][208.959s] GC(11) Concurrent Mark (208.959s)
[2023-04-06T22:27:21.624+0800][208.959s] GC(11) Concurrent Mark From Roots
[2023-04-06T22:27:21.624+0800][208.959s] GC(11) Using 3 workers of 3 for marking
[2023-04-06T22:27:21.638+0800][208.973s] GC(11) Concurrent Mark From Roots 13.774ms
[2023-04-06T22:27:21.638+0800][208.973s] GC(11) Concurrent Preclean
[2023-04-06T22:27:21.638+0800][208.973s] GC(11) Concurrent Preclean 0.072ms
[2023-04-06T22:27:21.638+0800][208.973s] GC(11) Concurrent Mark (208.959s, 208.973s) 13.925ms
[2023-04-06T22:27:21.638+0800][208.973s] GC(11) Pause Remark
[2023-04-06T22:27:21.641+0800][208.977s] GC(11) Cleaned string and symbol table, strings: 31947 processed, 2 removed, symbols: 197038 processed, 341 removed
[2023-04-06T22:27:21.642+0800][208.977s] GC(11) Pause Remark 68M->68M(512M) 3.466ms
[2023-04-06T22:27:21.642+0800][208.977s] GC(11) User=0.04s Sys=0.00s Real=0.01s
[2023-04-06T22:27:21.642+0800][208.977s] GC(11) Concurrent Rebuild Remembered Sets
[2023-04-06T22:27:21.648+0800][208.984s] GC(11) Concurrent Rebuild Remembered Sets 6.717ms
[2023-04-06T22:27:21.649+0800][208.984s] GC(11) Pause Cleanup
[2023-04-06T22:27:21.649+0800][208.984s] GC(11) Pause Cleanup 71M->71M(512M) 0.131ms
[2023-04-06T22:27:21.649+0800][208.984s] GC(11) User=0.01s Sys=0.00s Real=0.00s
[2023-04-06T22:27:21.649+0800][208.984s] GC(11) Concurrent Cleanup for Next Mark
[2023-04-06T22:27:21.649+0800][208.985s] GC(11) Concurrent Cleanup for Next Mark 0.575ms
[2023-04-06T22:27:21.649+0800][208.985s] GC(11) Concurrent Cycle 31.748ms
[2023-04-06T22:27:22.734+0800][210.069s] GC(12) Pause Young (Normal) (G1 Evacuation Pause)
[2023-04-06T22:27:22.734+0800][210.069s] GC(12) Using 13 workers of 13 for evacuation
[2023-04-06T22:27:22.744+0800][210.079s] GC(12)   Pre Evacuate Collection Set: 0.0ms
[2023-04-06T22:27:22.744+0800][210.079s] GC(12)   Evacuate Collection Set: 8.9ms
[2023-04-06T22:27:22.744+0800][210.079s] GC(12)   Post Evacuate Collection Set: 0.8ms
[2023-04-06T22:27:22.744+0800][210.079s] GC(12)   Other: 0.2ms
[2023-04-06T22:27:22.744+0800][210.079s] GC(12) Eden regions: 275->0(278)
[2023-04-06T22:27:22.744+0800][210.079s] GC(12) Survivor regions: 32->29(39)
[2023-04-06T22:27:22.744+0800][210.079s] GC(12) Old regions: 22->37
[2023-04-06T22:27:22.744+0800][210.079s] GC(12) Humongous regions: 4->4
[2023-04-06T22:27:22.744+0800][210.079s] GC(12) Metaspace: 70176K->70176K(1112064K)
[2023-04-06T22:27:22.744+0800][210.079s] GC(12) Pause Young (Normal) (G1 Evacuation Pause) 332M->69M(512M) 9.999ms
[2023-04-06T22:27:22.744+0800][210.080s] GC(12) User=0.13s Sys=0.00s Real=0.01s
[2023-04-06T22:27:24.404+0800][211.740s] GC(13) Pause Young (Normal) (G1 Evacuation Pause)
[2023-04-06T22:27:24.404+0800][211.740s] GC(13) Using 13 workers of 13 for evacuation
[2023-04-06T22:27:24.410+0800][211.745s] GC(13)   Pre Evacuate Collection Set: 0.0ms
[2023-04-06T22:27:24.410+0800][211.745s] GC(13)   Evacuate Collection Set: 4.9ms
[2023-04-06T22:27:24.410+0800][211.745s] GC(13)   Post Evacuate Collection Set: 0.5ms
[2023-04-06T22:27:24.410+0800][211.745s] GC(13)   Other: 0.1ms
[2023-04-06T22:27:24.410+0800][211.745s] GC(13) Eden regions: 278->0(302)
[2023-04-06T22:27:24.410+0800][211.745s] GC(13) Survivor regions: 29->5(39)
[2023-04-06T22:27:24.410+0800][211.745s] GC(13) Old regions: 37->54
[2023-04-06T22:27:24.410+0800][211.745s] GC(13) Humongous regions: 4->4
[2023-04-06T22:27:24.410+0800][211.745s] GC(13) Metaspace: 71023K->71023K(1114112K)
[2023-04-06T22:27:24.410+0800][211.745s] GC(13) Pause Young (Normal) (G1 Evacuation Pause) 347M->62M(512M) 5.594ms
[2023-04-06T22:27:24.410+0800][211.745s] GC(13) User=0.06s Sys=0.00s Real=0.01s
[2023-04-06T22:39:20.798+0800][928.127s] GC(14) Pause Young (Normal) (G1 Evacuation Pause)
[2023-04-06T22:39:20.799+0800][928.128s] GC(14) Using 13 workers of 13 for evacuation
[2023-04-06T22:39:20.878+0800][928.207s] GC(14)   Pre Evacuate Collection Set: 0.2ms
[2023-04-06T22:39:20.878+0800][928.207s] GC(14)   Evacuate Collection Set: 77.3ms
[2023-04-06T22:39:20.878+0800][928.207s] GC(14)   Post Evacuate Collection Set: 1.5ms
[2023-04-06T22:39:20.878+0800][928.207s] GC(14)   Other: 0.9ms
[2023-04-06T22:39:20.878+0800][928.207s] GC(14) Eden regions: 302->0(291)
[2023-04-06T22:39:20.878+0800][928.207s] GC(14) Survivor regions: 5->16(39)
[2023-04-06T22:39:20.878+0800][928.207s] GC(14) Old regions: 54->54
[2023-04-06T22:39:20.878+0800][928.207s] GC(14) Humongous regions: 4->4
[2023-04-06T22:39:20.878+0800][928.207s] GC(14) Metaspace: 72253K->72253K(1114112K)
[2023-04-06T22:39:20.879+0800][928.208s] GC(14) Pause Young (Normal) (G1 Evacuation Pause) 364M->73M(512M) 80.489ms
[2023-04-06T22:39:20.879+0800][928.208s] GC(14) User=0.12s Sys=0.28s Real=0.08s
[2023-04-07T12:01:54.687+0800][23406.019s] GC(15) Pause Young (Normal) (G1 Evacuation Pause)
[2023-04-07T12:01:54.687+0800][23406.019s] GC(15) Using 13 workers of 13 for evacuation
[2023-04-07T12:01:54.733+0800][23406.064s] GC(15)   Pre Evacuate Collection Set: 1.6ms
[2023-04-07T12:01:54.733+0800][23406.065s] GC(15)   Evacuate Collection Set: 39.2ms
[2023-04-07T12:01:54.733+0800][23406.065s] GC(15)   Post Evacuate Collection Set: 3.7ms
[2023-04-07T12:01:54.733+0800][23406.065s] GC(15)   Other: 1.5ms
[2023-04-07T12:01:54.733+0800][23406.065s] GC(15) Eden regions: 291->0(298)
[2023-04-07T12:01:54.733+0800][23406.065s] GC(15) Survivor regions: 16->9(39)
[2023-04-07T12:01:54.733+0800][23406.065s] GC(15) Old regions: 54->54
[2023-04-07T12:01:54.733+0800][23406.065s] GC(15) Humongous regions: 4->4
[2023-04-07T12:01:54.733+0800][23406.065s] GC(15) Metaspace: 73039K->73039K(1116160K)
[2023-04-07T12:01:54.733+0800][23406.065s] GC(15) Pause Young (Normal) (G1 Evacuation Pause) 364M->66M(512M) 45.659ms
[2023-04-07T12:01:54.733+0800][23406.065s] GC(15) User=0.04s Sys=0.13s Real=0.05s
[2023-04-07T12:01:57.198+0800][23408.530s] GC(16) Pause Young (Normal) (G1 Evacuation Pause)
[2023-04-07T12:01:57.198+0800][23408.530s] GC(16) Using 13 workers of 13 for evacuation
[2023-04-07T12:01:57.253+0800][23408.584s] GC(16)   Pre Evacuate Collection Set: 0.0ms
[2023-04-07T12:01:57.253+0800][23408.584s] GC(16)   Evacuate Collection Set: 52.1ms
[2023-04-07T12:01:57.253+0800][23408.584s] GC(16)   Post Evacuate Collection Set: 1.8ms
[2023-04-07T12:01:57.253+0800][23408.585s] GC(16)   Other: 0.1ms
[2023-04-07T12:01:57.253+0800][23408.585s] GC(16) Eden regions: 298->0(285)
[2023-04-07T12:01:57.253+0800][23408.585s] GC(16) Survivor regions: 9->22(39)
[2023-04-07T12:01:57.253+0800][23408.585s] GC(16) Old regions: 54->54
[2023-04-07T12:01:57.253+0800][23408.585s] GC(16) Humongous regions: 4->4
[2023-04-07T12:01:57.253+0800][23408.585s] GC(16) Metaspace: 73043K->73043K(1116160K)
[2023-04-07T12:01:57.253+0800][23408.585s] GC(16) Pause Young (Normal) (G1 Evacuation Pause) 364M->78M(512M) 54.296ms
[2023-04-07T12:01:57.253+0800][23408.585s] GC(16) User=0.05s Sys=0.20s Real=0.06s
[2023-04-07T15:35:14.548+0800][30614.980s] GC(17) Pause Young (Normal) (G1 Evacuation Pause)
[2023-04-07T15:35:14.551+0800][30614.981s] GC(17) Using 13 workers of 13 for evacuation
[2023-04-07T15:35:14.739+0800][30615.169s] GC(17)   Pre Evacuate Collection Set: 2.4ms
[2023-04-07T15:35:14.739+0800][30615.169s] GC(17)   Evacuate Collection Set: 175.2ms
[2023-04-07T15:35:14.739+0800][30615.169s] GC(17)   Post Evacuate Collection Set: 6.4ms
[2023-04-07T15:35:14.739+0800][30615.169s] GC(17)   Other: 7.8ms
[2023-04-07T15:35:14.739+0800][30615.169s] GC(17) Eden regions: 285->0(302)
[2023-04-07T15:35:14.739+0800][30615.169s] GC(17) Survivor regions: 22->5(39)
[2023-04-07T15:35:14.739+0800][30615.169s] GC(17) Old regions: 54->57
[2023-04-07T15:35:14.739+0800][30615.169s] GC(17) Humongous regions: 4->4
[2023-04-07T15:35:14.739+0800][30615.169s] GC(17) Metaspace: 74303K->74303K(1116160K)
[2023-04-07T15:35:14.739+0800][30615.169s] GC(17) Pause Young (Normal) (G1 Evacuation Pause) 363M->65M(512M) 190.852ms
[2023-04-07T15:35:14.739+0800][30615.169s] GC(17) User=0.39s Sys=0.27s Real=0.19s
[2023-04-07T15:35:16.943+0800][30617.373s] GC(18) Pause Young (Normal) (G1 Evacuation Pause)
[2023-04-07T15:35:16.943+0800][30617.373s] GC(18) Using 13 workers of 13 for evacuation
[2023-04-07T15:35:16.996+0800][30617.426s] GC(18)   Pre Evacuate Collection Set: 0.0ms
[2023-04-07T15:35:16.996+0800][30617.426s] GC(18)   Evacuate Collection Set: 52.0ms
[2023-04-07T15:35:16.996+0800][30617.426s] GC(18)   Post Evacuate Collection Set: 0.8ms
[2023-04-07T15:35:16.996+0800][30617.426s] GC(18)   Other: 0.2ms
[2023-04-07T15:35:16.996+0800][30617.426s] GC(18) Eden regions: 302->0(288)
[2023-04-07T15:35:16.996+0800][30617.426s] GC(18) Survivor regions: 5->19(39)
[2023-04-07T15:35:16.996+0800][30617.426s] GC(18) Old regions: 57->57
[2023-04-07T15:35:16.996+0800][30617.426s] GC(18) Humongous regions: 4->4
[2023-04-07T15:35:16.996+0800][30617.426s] GC(18) Metaspace: 74314K->74314K(1116160K)
[2023-04-07T15:35:16.997+0800][30617.427s] GC(18) Pause Young (Normal) (G1 Evacuation Pause) 367M->79M(512M) 54.253ms
[2023-04-07T15:35:16.997+0800][30617.427s] GC(18) User=0.05s Sys=0.19s Real=0.05s
[2023-04-07T15:57:29.995+0800][31950.426s] GC(19) Pause Young (Normal) (G1 Evacuation Pause)
[2023-04-07T15:57:29.996+0800][31950.426s] GC(19) Using 13 workers of 13 for evacuation
[2023-04-07T15:57:30.024+0800][31950.455s] GC(19)   Pre Evacuate Collection Set: 0.2ms
[2023-04-07T15:57:30.024+0800][31950.455s] GC(19)   Evacuate Collection Set: 26.9ms
[2023-04-07T15:57:30.024+0800][31950.455s] GC(19)   Post Evacuate Collection Set: 1.3ms
[2023-04-07T15:57:30.024+0800][31950.455s] GC(19)   Other: 0.7ms
[2023-04-07T15:57:30.024+0800][31950.455s] GC(19) Eden regions: 288->0(298)
[2023-04-07T15:57:30.024+0800][31950.455s] GC(19) Survivor regions: 19->9(39)
[2023-04-07T15:57:30.024+0800][31950.455s] GC(19) Old regions: 57->57
[2023-04-07T15:57:30.024+0800][31950.455s] GC(19) Humongous regions: 4->4
[2023-04-07T15:57:30.024+0800][31950.455s] GC(19) Metaspace: 74883K->74883K(1118208K)
[2023-04-07T15:57:30.024+0800][31950.455s] GC(19) Pause Young (Normal) (G1 Evacuation Pause) 367M->69M(512M) 29.222ms
[2023-04-07T15:57:30.024+0800][31950.455s] GC(19) User=0.07s Sys=0.14s Real=0.03s
[2023-04-07T17:34:41.005+0800][36872.887s] GC(20) Pause Young (Normal) (G1 Evacuation Pause)
[2023-04-07T17:34:41.005+0800][36872.887s] GC(20) Using 13 workers of 13 for evacuation
[2023-04-07T17:34:41.105+0800][36872.987s] GC(20)   Pre Evacuate Collection Set: 0.8ms
[2023-04-07T17:34:41.105+0800][36872.987s] GC(20)   Evacuate Collection Set: 91.3ms
[2023-04-07T17:34:41.105+0800][36872.987s] GC(20)   Post Evacuate Collection Set: 3.4ms
[2023-04-07T17:34:41.105+0800][36872.987s] GC(20)   Other: 4.6ms
[2023-04-07T17:34:41.105+0800][36872.987s] GC(20) Eden regions: 298->0(291)
[2023-04-07T17:34:41.105+0800][36872.987s] GC(20) Survivor regions: 9->16(39)
[2023-04-07T17:34:41.105+0800][36872.987s] GC(20) Old regions: 57->57
[2023-04-07T17:34:41.105+0800][36872.987s] GC(20) Humongous regions: 4->4
[2023-04-07T17:34:41.105+0800][36872.987s] GC(20) Metaspace: 76100K->76100K(1118208K)
[2023-04-07T17:34:41.105+0800][36872.987s] GC(20) Pause Young (Normal) (G1 Evacuation Pause) 367M->76M(512M) 100.783ms
[2023-04-07T17:34:41.105+0800][36872.988s] GC(20) User=0.08s Sys=0.47s Real=0.10s
[2023-04-07T17:34:42.902+0800][36874.784s] GC(21) Pause Young (Normal) (G1 Evacuation Pause)
[2023-04-07T17:34:42.902+0800][36874.784s] GC(21) Using 13 workers of 13 for evacuation
[2023-04-07T17:34:42.942+0800][36874.824s] GC(21)   Pre Evacuate Collection Set: 0.0ms
[2023-04-07T17:34:42.942+0800][36874.824s] GC(21)   Evacuate Collection Set: 38.3ms
[2023-04-07T17:34:42.942+0800][36874.824s] GC(21)   Post Evacuate Collection Set: 1.5ms
[2023-04-07T17:34:42.942+0800][36874.824s] GC(21)   Other: 0.2ms
[2023-04-07T17:34:42.942+0800][36874.824s] GC(21) Eden regions: 291->0(279)
[2023-04-07T17:34:42.942+0800][36874.824s] GC(21) Survivor regions: 16->28(39)
[2023-04-07T17:34:42.942+0800][36874.824s] GC(21) Old regions: 57->57
[2023-04-07T17:34:42.942+0800][36874.824s] GC(21) Humongous regions: 4->4
[2023-04-07T17:34:42.942+0800][36874.824s] GC(21) Metaspace: 76100K->76100K(1118208K)
[2023-04-07T17:34:42.942+0800][36874.824s] GC(21) Pause Young (Normal) (G1 Evacuation Pause) 367M->88M(512M) 40.178ms
[2023-04-07T17:34:42.942+0800][36874.824s] GC(21) User=0.08s Sys=0.15s Real=0.04s
[2023-04-08T00:11:01.395+0800][51088.595s] Heap
[2023-04-08T00:11:01.396+0800][51088.596s]  garbage-first heap   total 524288K, used 347779K [0x00000007e0000000, 0x0000000800000000)
[2023-04-08T00:11:01.396+0800][51088.596s]   region size 1024K, 280 young (286720K), 28 survivors (28672K)
[2023-04-08T00:11:01.396+0800][51088.596s]  Metaspace       used 76750K, capacity 79433K, committed 79616K, reserved 1118208K
[2023-04-08T00:11:01.396+0800][51088.596s]   class space    used 8862K, capacity 9975K, committed 9984K, reserved 1048576K
