[2023-04-08T00:11:08.155+0800][0.010s] Heap region size: 1M
[2023-04-08T00:11:08.357+0800][0.212s] Using G1
[2023-04-08T00:11:08.357+0800][0.212s] Heap address: 0x00000007e0000000, size: 512 MB, Compressed Oops mode: Zero based, Oop shift amount: 3
[2023-04-08T00:11:08.912+0800][0.767s] GC(0) Pause Young (Normal) (G1 Evacuation Pause)
[2023-04-08T00:11:08.912+0800][0.767s] GC(0) Using 12 workers of 13 for evacuation
[2023-04-08T00:11:08.915+0800][0.770s] GC(0)   Pre Evacuate Collection Set: 0.0ms
[2023-04-08T00:11:08.915+0800][0.770s] GC(0)   Evacuate Collection Set: 2.5ms
[2023-04-08T00:11:08.915+0800][0.770s] GC(0)   Post Evacuate Collection Set: 0.4ms
[2023-04-08T00:11:08.915+0800][0.770s] GC(0)   Other: 1.2ms
[2023-04-08T00:11:08.916+0800][0.770s] GC(0) Eden regions: 30->0(303)
[2023-04-08T00:11:08.916+0800][0.770s] GC(0) Survivor regions: 0->4(4)
[2023-04-08T00:11:08.916+0800][0.770s] GC(0) Old regions: 0->0
[2023-04-08T00:11:08.916+0800][0.770s] GC(0) Humongous regions: 0->0
[2023-04-08T00:11:08.916+0800][0.771s] GC(0) Metaspace: 13352K->13352K(1060864K)
[2023-04-08T00:11:08.916+0800][0.771s] GC(0) Pause Young (Normal) (G1 Evacuation Pause) 30M->3M(512M) 3.872ms
[2023-04-08T00:11:08.916+0800][0.771s] GC(0) User=0.03s Sys=0.00s Real=0.00s
[2023-04-08T00:11:09.339+0800][1.194s] GC(1) Pause Young (Concurrent Start) (Metadata GC Threshold)
[2023-04-08T00:11:09.339+0800][1.194s] GC(1) Using 12 workers of 13 for evacuation
[2023-04-08T00:11:09.348+0800][1.203s] GC(1)   Pre Evacuate Collection Set: 0.0ms
[2023-04-08T00:11:09.348+0800][1.203s] GC(1)   Evacuate Collection Set: 8.7ms
[2023-04-08T00:11:09.349+0800][1.203s] GC(1)   Post Evacuate Collection Set: 1.0ms
[2023-04-08T00:11:09.349+0800][1.203s] GC(1)   Other: 0.2ms
[2023-04-08T00:11:09.349+0800][1.204s] GC(1) Eden regions: 30->0(178)
[2023-04-08T00:11:09.349+0800][1.204s] GC(1) Survivor regions: 4->12(39)
[2023-04-08T00:11:09.349+0800][1.204s] GC(1) Old regions: 0->0
[2023-04-08T00:11:09.349+0800][1.204s] GC(1) Humongous regions: 4->4
[2023-04-08T00:11:09.349+0800][1.204s] GC(1) Metaspace: 20461K->20461K(1069056K)
[2023-04-08T00:11:09.349+0800][1.204s] GC(1) Pause Young (Concurrent Start) (Metadata GC Threshold) 36M->15M(512M) 10.038ms
[2023-04-08T00:11:09.349+0800][1.204s] GC(1) User=0.06s Sys=0.00s Real=0.01s
[2023-04-08T00:11:09.349+0800][1.204s] GC(2) Concurrent Cycle
[2023-04-08T00:11:09.349+0800][1.204s] GC(2) Concurrent Clear Claimed Marks
[2023-04-08T00:11:09.349+0800][1.204s] GC(2) Concurrent Clear Claimed Marks 0.029ms
[2023-04-08T00:11:09.349+0800][1.204s] GC(2) Concurrent Scan Root Regions
[2023-04-08T00:11:09.351+0800][1.206s] GC(2) Concurrent Scan Root Regions 2.328ms
[2023-04-08T00:11:09.351+0800][1.206s] GC(2) Concurrent Mark (1.206s)
[2023-04-08T00:11:09.351+0800][1.206s] GC(2) Concurrent Mark From Roots
[2023-04-08T00:11:09.351+0800][1.206s] GC(2) Using 3 workers of 3 for marking
[2023-04-08T00:11:09.352+0800][1.207s] GC(2) Concurrent Mark From Roots 0.693ms
[2023-04-08T00:11:09.352+0800][1.207s] GC(2) Concurrent Preclean
[2023-04-08T00:11:09.352+0800][1.207s] GC(2) Concurrent Preclean 0.036ms
[2023-04-08T00:11:09.352+0800][1.207s] GC(2) Concurrent Mark (1.206s, 1.207s) 0.806ms
[2023-04-08T00:11:09.352+0800][1.207s] GC(2) Pause Remark
[2023-04-08T00:11:09.353+0800][1.208s] GC(2) Cleaned string and symbol table, strings: 8943 processed, 0 removed, symbols: 65410 processed, 17 removed
[2023-04-08T00:11:09.353+0800][1.208s] GC(2) Pause Remark 15M->15M(512M) 1.060ms
[2023-04-08T00:11:09.353+0800][1.208s] GC(2) User=0.00s Sys=0.00s Real=0.00s
[2023-04-08T00:11:09.353+0800][1.208s] GC(2) Concurrent Rebuild Remembered Sets
[2023-04-08T00:11:09.355+0800][1.210s] GC(2) Concurrent Rebuild Remembered Sets 2.212ms
[2023-04-08T00:11:09.356+0800][1.210s] GC(2) Pause Cleanup
[2023-04-08T00:11:09.356+0800][1.211s] GC(2) Pause Cleanup 16M->16M(512M) 0.112ms
[2023-04-08T00:11:09.356+0800][1.211s] GC(2) User=0.00s Sys=0.00s Real=0.00s
[2023-04-08T00:11:09.356+0800][1.211s] GC(2) Concurrent Cleanup for Next Mark
[2023-04-08T00:11:09.356+0800][1.211s] GC(2) Concurrent Cleanup for Next Mark 0.636ms
[2023-04-08T00:11:09.356+0800][1.211s] GC(2) Concurrent Cycle 7.625ms
[2023-04-08T00:11:50.248+0800][42.104s] GC(3) Pause Young (Normal) (G1 Evacuation Pause)
[2023-04-08T00:11:50.249+0800][42.104s] GC(3) Using 13 workers of 13 for evacuation
[2023-04-08T00:11:50.256+0800][42.112s] GC(3)   Pre Evacuate Collection Set: 0.0ms
[2023-04-08T00:11:50.257+0800][42.112s] GC(3)   Evacuate Collection Set: 6.7ms
[2023-04-08T00:11:50.257+0800][42.112s] GC(3)   Post Evacuate Collection Set: 1.1ms
[2023-04-08T00:11:50.257+0800][42.112s] GC(3)   Other: 0.2ms
[2023-04-08T00:11:50.257+0800][42.112s] GC(3) Eden regions: 60->0(100)
[2023-04-08T00:11:50.257+0800][42.112s] GC(3) Survivor regions: 12->8(9)
[2023-04-08T00:11:50.257+0800][42.112s] GC(3) Old regions: 0->12
[2023-04-08T00:11:50.257+0800][42.112s] GC(3) Humongous regions: 4->4
[2023-04-08T00:11:50.257+0800][42.112s] GC(3) Metaspace: 28672K->28672K(1075200K)
[2023-04-08T00:11:50.257+0800][42.112s] GC(3) Pause Young (Normal) (G1 Evacuation Pause) 75M->22M(512M) 8.151ms
[2023-04-08T00:11:50.257+0800][42.112s] GC(3) User=0.10s Sys=0.00s Real=0.01s
[2023-04-08T00:11:50.773+0800][42.628s] GC(4) Pause Young (Concurrent Start) (Metadata GC Threshold)
[2023-04-08T00:11:50.773+0800][42.628s] GC(4) Using 13 workers of 13 for evacuation
[2023-04-08T00:11:50.777+0800][42.632s] GC(4)   Pre Evacuate Collection Set: 0.0ms
[2023-04-08T00:11:50.777+0800][42.632s] GC(4)   Evacuate Collection Set: 2.9ms
[2023-04-08T00:11:50.777+0800][42.632s] GC(4)   Post Evacuate Collection Set: 1.0ms
[2023-04-08T00:11:50.777+0800][42.632s] GC(4)   Other: 0.2ms
[2023-04-08T00:11:50.777+0800][42.632s] GC(4) Eden regions: 63->0(175)
[2023-04-08T00:11:50.777+0800][42.632s] GC(4) Survivor regions: 8->10(14)
[2023-04-08T00:11:50.777+0800][42.632s] GC(4) Old regions: 12->12
[2023-04-08T00:11:50.777+0800][42.632s] GC(4) Humongous regions: 5->4
[2023-04-08T00:11:50.777+0800][42.632s] GC(4) Metaspace: 34479K->34479K(1081344K)
[2023-04-08T00:11:50.777+0800][42.632s] GC(4) Pause Young (Concurrent Start) (Metadata GC Threshold) 86M->25M(512M) 4.198ms
[2023-04-08T00:11:50.777+0800][42.632s] GC(4) User=0.03s Sys=0.00s Real=0.00s
[2023-04-08T00:11:50.777+0800][42.632s] GC(5) Concurrent Cycle
[2023-04-08T00:11:50.777+0800][42.632s] GC(5) Concurrent Clear Claimed Marks
[2023-04-08T00:11:50.777+0800][42.632s] GC(5) Concurrent Clear Claimed Marks 0.021ms
[2023-04-08T00:11:50.777+0800][42.632s] GC(5) Concurrent Scan Root Regions
[2023-04-08T00:11:50.779+0800][42.634s] GC(5) Concurrent Scan Root Regions 1.990ms
[2023-04-08T00:11:50.779+0800][42.634s] GC(5) Concurrent Mark (42.634s)
[2023-04-08T00:11:50.779+0800][42.634s] GC(5) Concurrent Mark From Roots
[2023-04-08T00:11:50.779+0800][42.634s] GC(5) Using 3 workers of 3 for marking
[2023-04-08T00:11:50.795+0800][42.650s] GC(5) Concurrent Mark From Roots 15.851ms
[2023-04-08T00:11:50.795+0800][42.650s] GC(5) Concurrent Preclean
[2023-04-08T00:11:50.795+0800][42.650s] GC(5) Concurrent Preclean 0.286ms
[2023-04-08T00:11:50.795+0800][42.650s] GC(5) Concurrent Mark (42.634s, 42.650s) 16.261ms
[2023-04-08T00:11:50.796+0800][42.651s] GC(5) Pause Remark
[2023-04-08T00:11:50.799+0800][42.654s] GC(5) Cleaned string and symbol table, strings: 15727 processed, 15 removed, symbols: 111790 processed, 44 removed
[2023-04-08T00:11:50.800+0800][42.655s] GC(5) Pause Remark 26M->26M(512M) 4.019ms
[2023-04-08T00:11:50.800+0800][42.655s] GC(5) User=0.03s Sys=0.00s Real=0.01s
[2023-04-08T00:11:50.800+0800][42.655s] GC(5) Concurrent Rebuild Remembered Sets
[2023-04-08T00:11:50.805+0800][42.661s] GC(5) Concurrent Rebuild Remembered Sets 5.641ms
[2023-04-08T00:11:50.806+0800][42.661s] GC(5) Pause Cleanup
[2023-04-08T00:11:50.806+0800][42.661s] GC(5) Pause Cleanup 27M->27M(512M) 0.195ms
[2023-04-08T00:11:50.806+0800][42.661s] GC(5) User=0.00s Sys=0.00s Real=0.00s
[2023-04-08T00:11:50.806+0800][42.661s] GC(5) Concurrent Cleanup for Next Mark
[2023-04-08T00:11:50.807+0800][42.662s] GC(5) Concurrent Cleanup for Next Mark 0.958ms
[2023-04-08T00:11:50.807+0800][42.662s] GC(5) Concurrent Cycle 30.000ms
[2023-04-08T00:11:52.779+0800][44.634s] GC(6) Pause Young (Concurrent Start) (G1 Evacuation Pause)
[2023-04-08T00:11:52.780+0800][44.635s] GC(6) Using 13 workers of 13 for evacuation
[2023-04-08T00:11:52.789+0800][44.644s] GC(6)   Pre Evacuate Collection Set: 0.1ms
[2023-04-08T00:11:52.789+0800][44.644s] GC(6)   Evacuate Collection Set: 8.6ms
[2023-04-08T00:11:52.789+0800][44.644s] GC(6)   Post Evacuate Collection Set: 0.9ms
[2023-04-08T00:11:52.789+0800][44.644s] GC(6)   Other: 0.5ms
[2023-04-08T00:11:52.789+0800][44.644s] GC(6) Eden regions: 175->0(235)
[2023-04-08T00:11:52.789+0800][44.644s] GC(6) Survivor regions: 10->22(24)
[2023-04-08T00:11:52.789+0800][44.644s] GC(6) Old regions: 12->12
[2023-04-08T00:11:52.789+0800][44.644s] GC(6) Humongous regions: 5->4
[2023-04-08T00:11:52.789+0800][44.645s] GC(6) Metaspace: 50781K->50781K(1095680K)
[2023-04-08T00:11:52.789+0800][44.645s] GC(6) Pause Young (Concurrent Start) (G1 Evacuation Pause) 201M->37M(512M) 10.123ms
[2023-04-08T00:11:52.789+0800][44.645s] GC(6) User=0.06s Sys=0.00s Real=0.01s
[2023-04-08T00:11:52.789+0800][44.645s] GC(7) Concurrent Cycle
[2023-04-08T00:11:52.790+0800][44.645s] GC(7) Concurrent Clear Claimed Marks
[2023-04-08T00:11:52.790+0800][44.645s] GC(7) Concurrent Clear Claimed Marks 0.065ms
[2023-04-08T00:11:52.790+0800][44.645s] GC(7) Concurrent Scan Root Regions
[2023-04-08T00:11:52.793+0800][44.648s] GC(7) Concurrent Scan Root Regions 3.334ms
[2023-04-08T00:11:52.793+0800][44.648s] GC(7) Concurrent Mark (44.648s)
[2023-04-08T00:11:52.793+0800][44.648s] GC(7) Concurrent Mark From Roots
[2023-04-08T00:11:52.793+0800][44.648s] GC(7) Using 3 workers of 3 for marking
[2023-04-08T00:11:52.805+0800][44.660s] GC(7) Concurrent Mark From Roots 11.938ms
[2023-04-08T00:11:52.805+0800][44.660s] GC(7) Concurrent Preclean
[2023-04-08T00:11:52.805+0800][44.660s] GC(7) Concurrent Preclean 0.056ms
[2023-04-08T00:11:52.805+0800][44.660s] GC(7) Concurrent Mark (44.648s, 44.660s) 12.059ms
[2023-04-08T00:11:52.805+0800][44.660s] GC(7) Pause Remark
[2023-04-08T00:11:52.808+0800][44.663s] GC(7) Cleaned string and symbol table, strings: 22405 processed, 0 removed, symbols: 159692 processed, 138 removed
[2023-04-08T00:11:52.808+0800][44.663s] GC(7) Pause Remark 41M->41M(512M) 2.809ms
[2023-04-08T00:11:52.808+0800][44.663s] GC(7) User=0.03s Sys=0.00s Real=0.00s
[2023-04-08T00:11:52.808+0800][44.663s] GC(7) Concurrent Rebuild Remembered Sets
[2023-04-08T00:11:52.813+0800][44.668s] GC(7) Concurrent Rebuild Remembered Sets 4.762ms
[2023-04-08T00:11:52.813+0800][44.668s] GC(7) Pause Cleanup
[2023-04-08T00:11:52.813+0800][44.668s] GC(7) Pause Cleanup 42M->42M(512M) 0.162ms
[2023-04-08T00:11:52.813+0800][44.668s] GC(7) User=0.00s Sys=0.00s Real=0.00s
[2023-04-08T00:11:52.813+0800][44.668s] GC(7) Concurrent Cleanup for Next Mark
[2023-04-08T00:11:52.814+0800][44.669s] GC(7) Concurrent Cleanup for Next Mark 0.564ms
[2023-04-08T00:11:52.814+0800][44.669s] GC(7) Concurrent Cycle 24.412ms
[2023-04-08T00:11:54.011+0800][45.866s] GC(8) Pause Young (Normal) (G1 Evacuation Pause)
[2023-04-08T00:11:54.011+0800][45.866s] GC(8) Using 13 workers of 13 for evacuation
[2023-04-08T00:11:54.023+0800][45.878s] GC(8)   Pre Evacuate Collection Set: 0.0ms
[2023-04-08T00:11:54.023+0800][45.878s] GC(8)   Evacuate Collection Set: 10.1ms
[2023-04-08T00:11:54.023+0800][45.878s] GC(8)   Post Evacuate Collection Set: 1.8ms
[2023-04-08T00:11:54.023+0800][45.878s] GC(8)   Other: 0.2ms
[2023-04-08T00:11:54.023+0800][45.878s] GC(8) Eden regions: 235->0(274)
[2023-04-08T00:11:54.023+0800][45.878s] GC(8) Survivor regions: 22->33(33)
[2023-04-08T00:11:54.023+0800][45.878s] GC(8) Old regions: 12->18
[2023-04-08T00:11:54.023+0800][45.878s] GC(8) Humongous regions: 4->4
[2023-04-08T00:11:54.023+0800][45.878s] GC(8) Metaspace: 65452K->65452K(1107968K)
[2023-04-08T00:11:54.023+0800][45.878s] GC(8) Pause Young (Normal) (G1 Evacuation Pause) 272M->54M(512M) 12.242ms
[2023-04-08T00:11:54.023+0800][45.878s] GC(8) User=0.13s Sys=0.00s Real=0.01s
[2023-04-08T00:19:47.916+0800][519.773s] Heap
[2023-04-08T00:19:47.916+0800][519.774s]  garbage-first heap   total 524288K, used 124414K [0x00000007e0000000, 0x0000000800000000)
[2023-04-08T00:19:47.916+0800][519.774s]   region size 1024K, 101 young (103424K), 33 survivors (33792K)
[2023-04-08T00:19:47.916+0800][519.774s]  Metaspace       used 68632K, capacity 71102K, committed 71292K, reserved 1112064K
[2023-04-08T00:19:47.916+0800][519.774s]   class space    used 8350K, capacity 9414K, committed 9472K, reserved 1048576K
