[2023-03-29T16:31:57.555+0800][0.011s] Heap region size: 1M
[2023-03-29T16:31:57.951+0800][0.406s] Using G1
[2023-03-29T16:31:57.951+0800][0.406s] Heap address: 0x00000007e0000000, size: 512 MB, Compressed Oops mode: Zero based, Oop shift amount: 3
[2023-03-29T16:31:58.789+0800][1.245s] GC(0) Pause Young (Normal) (G1 Evacuation Pause)
[2023-03-29T16:31:58.790+0800][1.245s] GC(0) Using 12 workers of 13 for evacuation
[2023-03-29T16:31:58.794+0800][1.250s] GC(0)   Pre Evacuate Collection Set: 0.0ms
[2023-03-29T16:31:58.794+0800][1.250s] GC(0)   Evacuate Collection Set: 3.1ms
[2023-03-29T16:31:58.794+0800][1.250s] GC(0)   Post Evacuate Collection Set: 1.0ms
[2023-03-29T16:31:58.794+0800][1.250s] GC(0)   Other: 0.9ms
[2023-03-29T16:31:58.794+0800][1.250s] GC(0) Eden regions: 30->0(303)
[2023-03-29T16:31:58.794+0800][1.250s] GC(0) Survivor regions: 0->4(4)
[2023-03-29T16:31:58.794+0800][1.250s] GC(0) Old regions: 0->0
[2023-03-29T16:31:58.794+0800][1.250s] GC(0) Humongous regions: 0->0
[2023-03-29T16:31:58.794+0800][1.250s] GC(0) Metaspace: 13453K->13453K(1060864K)
[2023-03-29T16:31:58.794+0800][1.250s] GC(0) Pause Young (Normal) (G1 Evacuation Pause) 30M->3M(512M) 5.185ms
[2023-03-29T16:31:58.794+0800][1.250s] GC(0) User=0.04s Sys=0.01s Real=0.01s
[2023-03-29T16:31:59.546+0800][2.001s] GC(1) Pause Young (Concurrent Start) (Metadata GC Threshold)
[2023-03-29T16:31:59.546+0800][2.001s] GC(1) Using 12 workers of 13 for evacuation
[2023-03-29T16:31:59.560+0800][2.016s] GC(1)   Pre Evacuate Collection Set: 0.0ms
[2023-03-29T16:31:59.560+0800][2.016s] GC(1)   Evacuate Collection Set: 12.7ms
[2023-03-29T16:31:59.560+0800][2.016s] GC(1)   Post Evacuate Collection Set: 1.3ms
[2023-03-29T16:31:59.560+0800][2.016s] GC(1)   Other: 0.3ms
[2023-03-29T16:31:59.560+0800][2.016s] GC(1) Eden regions: 29->0(232)
[2023-03-29T16:31:59.560+0800][2.016s] GC(1) Survivor regions: 4->12(39)
[2023-03-29T16:31:59.560+0800][2.016s] GC(1) Old regions: 0->0
[2023-03-29T16:31:59.560+0800][2.016s] GC(1) Humongous regions: 4->4
[2023-03-29T16:31:59.560+0800][2.016s] GC(1) Metaspace: 20436K->20436K(1069056K)
[2023-03-29T16:31:59.560+0800][2.016s] GC(1) Pause Young (Concurrent Start) (Metadata GC Threshold) 36M->15M(512M) 14.491ms
[2023-03-29T16:31:59.560+0800][2.016s] GC(1) User=0.11s Sys=0.00s Real=0.02s
[2023-03-29T16:31:59.560+0800][2.016s] GC(2) Concurrent Cycle
[2023-03-29T16:31:59.561+0800][2.016s] GC(2) Concurrent Clear Claimed Marks
[2023-03-29T16:31:59.561+0800][2.016s] GC(2) Concurrent Clear Claimed Marks 0.040ms
[2023-03-29T16:31:59.561+0800][2.016s] GC(2) Concurrent Scan Root Regions
[2023-03-29T16:31:59.565+0800][2.020s] GC(2) Concurrent Scan Root Regions 4.269ms
[2023-03-29T16:31:59.565+0800][2.021s] GC(2) Concurrent Mark (2.020s)
[2023-03-29T16:31:59.565+0800][2.021s] GC(2) Concurrent Mark From Roots
[2023-03-29T16:31:59.565+0800][2.021s] GC(2) Using 3 workers of 3 for marking
[2023-03-29T16:31:59.566+0800][2.022s] GC(2) Concurrent Mark From Roots 1.274ms
[2023-03-29T16:31:59.566+0800][2.022s] GC(2) Concurrent Preclean
[2023-03-29T16:31:59.566+0800][2.022s] GC(2) Concurrent Preclean 0.054ms
[2023-03-29T16:31:59.566+0800][2.022s] GC(2) Concurrent Mark (2.020s, 2.022s) 1.456ms
[2023-03-29T16:31:59.566+0800][2.022s] GC(2) Pause Remark
[2023-03-29T16:31:59.568+0800][2.023s] GC(2) Cleaned string and symbol table, strings: 8964 processed, 0 removed, symbols: 65351 processed, 17 removed
[2023-03-29T16:31:59.568+0800][2.023s] GC(2) Pause Remark 16M->16M(512M) 1.372ms
[2023-03-29T16:31:59.568+0800][2.023s] GC(2) User=0.01s Sys=0.00s Real=0.00s
[2023-03-29T16:31:59.568+0800][2.024s] GC(2) Concurrent Rebuild Remembered Sets
[2023-03-29T16:31:59.571+0800][2.027s] GC(2) Concurrent Rebuild Remembered Sets 3.187ms
[2023-03-29T16:31:59.571+0800][2.027s] GC(2) Pause Cleanup
[2023-03-29T16:31:59.571+0800][2.027s] GC(2) Pause Cleanup 16M->16M(512M) 0.148ms
[2023-03-29T16:31:59.571+0800][2.027s] GC(2) User=0.00s Sys=0.00s Real=0.00s
[2023-03-29T16:31:59.572+0800][2.027s] GC(2) Concurrent Cleanup for Next Mark
[2023-03-29T16:31:59.572+0800][2.028s] GC(2) Concurrent Cleanup for Next Mark 0.861ms
[2023-03-29T16:31:59.572+0800][2.028s] GC(2) Concurrent Cycle 11.993ms
[2023-03-29T16:32:50.845+0800][53.300s] GC(3) Pause Young (Normal) (G1 Evacuation Pause)
[2023-03-29T16:32:50.845+0800][53.300s] GC(3) Using 13 workers of 13 for evacuation
[2023-03-29T16:32:50.856+0800][53.311s] GC(3)   Pre Evacuate Collection Set: 0.0ms
[2023-03-29T16:32:50.856+0800][53.311s] GC(3)   Evacuate Collection Set: 9.8ms
[2023-03-29T16:32:50.856+0800][53.311s] GC(3)   Post Evacuate Collection Set: 1.4ms
[2023-03-29T16:32:50.856+0800][53.311s] GC(3)   Other: 0.2ms
[2023-03-29T16:32:50.856+0800][53.311s] GC(3) Eden regions: 69->0(97)
[2023-03-29T16:32:50.856+0800][53.311s] GC(3) Survivor regions: 12->9(11)
[2023-03-29T16:32:50.857+0800][53.311s] GC(3) Old regions: 0->12
[2023-03-29T16:32:50.857+0800][53.311s] GC(3) Humongous regions: 4->4
[2023-03-29T16:32:50.857+0800][53.311s] GC(3) Metaspace: 30268K->30268K(1077248K)
[2023-03-29T16:32:50.857+0800][53.311s] GC(3) Pause Young (Normal) (G1 Evacuation Pause) 84M->23M(512M) 11.724ms
[2023-03-29T16:32:50.857+0800][53.311s] GC(3) User=0.15s Sys=0.00s Real=0.01s
[2023-03-29T16:32:51.426+0800][53.881s] GC(4) Pause Young (Concurrent Start) (Metadata GC Threshold)
[2023-03-29T16:32:51.426+0800][53.881s] GC(4) Using 13 workers of 13 for evacuation
[2023-03-29T16:32:51.431+0800][53.886s] GC(4)   Pre Evacuate Collection Set: 0.0ms
[2023-03-29T16:32:51.431+0800][53.886s] GC(4)   Evacuate Collection Set: 4.0ms
[2023-03-29T16:32:51.431+0800][53.886s] GC(4)   Post Evacuate Collection Set: 0.6ms
[2023-03-29T16:32:51.431+0800][53.886s] GC(4)   Other: 0.2ms
[2023-03-29T16:32:51.431+0800][53.886s] GC(4) Eden regions: 54->0(158)
[2023-03-29T16:32:51.431+0800][53.886s] GC(4) Survivor regions: 9->3(14)
[2023-03-29T16:32:51.431+0800][53.886s] GC(4) Old regions: 12->20
[2023-03-29T16:32:51.431+0800][53.886s] GC(4) Humongous regions: 5->4
[2023-03-29T16:32:51.431+0800][53.886s] GC(4) Metaspace: 34457K->34457K(1081344K)
[2023-03-29T16:32:51.431+0800][53.886s] GC(4) Pause Young (Concurrent Start) (Metadata GC Threshold) 78M->26M(512M) 5.109ms
[2023-03-29T16:32:51.431+0800][53.886s] GC(4) User=0.03s Sys=0.00s Real=0.01s
[2023-03-29T16:32:51.431+0800][53.886s] GC(5) Concurrent Cycle
[2023-03-29T16:32:51.431+0800][53.886s] GC(5) Concurrent Clear Claimed Marks
[2023-03-29T16:32:51.431+0800][53.886s] GC(5) Concurrent Clear Claimed Marks 0.035ms
[2023-03-29T16:32:51.431+0800][53.886s] GC(5) Concurrent Scan Root Regions
[2023-03-29T16:32:51.432+0800][53.887s] GC(5) Concurrent Scan Root Regions 0.735ms
[2023-03-29T16:32:51.432+0800][53.887s] GC(5) Concurrent Mark (53.887s)
[2023-03-29T16:32:51.432+0800][53.887s] GC(5) Concurrent Mark From Roots
[2023-03-29T16:32:51.432+0800][53.887s] GC(5) Using 3 workers of 3 for marking
[2023-03-29T16:32:51.457+0800][53.912s] GC(5) Concurrent Mark From Roots 25.041ms
[2023-03-29T16:32:51.466+0800][53.921s] GC(5) Concurrent Preclean
[2023-03-29T16:32:51.466+0800][53.921s] GC(5) Concurrent Preclean 0.141ms
[2023-03-29T16:32:51.466+0800][53.921s] GC(5) Concurrent Mark (53.887s, 53.921s) 33.972ms
[2023-03-29T16:32:51.466+0800][53.921s] GC(5) Pause Remark
[2023-03-29T16:32:51.471+0800][53.926s] GC(5) Cleaned string and symbol table, strings: 15709 processed, 15 removed, symbols: 112721 processed, 44 removed
[2023-03-29T16:32:51.471+0800][53.926s] GC(5) Pause Remark 28M->28M(512M) 4.861ms
[2023-03-29T16:32:51.471+0800][53.926s] GC(5) User=0.04s Sys=0.00s Real=0.01s
[2023-03-29T16:32:51.471+0800][53.926s] GC(5) Concurrent Rebuild Remembered Sets
[2023-03-29T16:32:51.480+0800][53.935s] GC(5) Concurrent Rebuild Remembered Sets 8.725ms
[2023-03-29T16:32:51.480+0800][53.935s] GC(5) Pause Cleanup
[2023-03-29T16:32:51.480+0800][53.935s] GC(5) Pause Cleanup 29M->29M(512M) 0.150ms
[2023-03-29T16:32:51.480+0800][53.935s] GC(5) User=0.00s Sys=0.00s Real=0.00s
[2023-03-29T16:32:51.480+0800][53.935s] GC(5) Concurrent Cleanup for Next Mark
[2023-03-29T16:32:51.481+0800][53.936s] GC(5) Concurrent Cleanup for Next Mark 0.772ms
[2023-03-29T16:32:51.481+0800][53.936s] GC(5) Concurrent Cycle 50.012ms
[2023-03-29T16:38:21.921+0800][384.371s] GC(6) Pause Young (Concurrent Start) (G1 Evacuation Pause)
[2023-03-29T16:38:21.921+0800][384.372s] GC(6) Using 13 workers of 13 for evacuation
[2023-03-29T16:38:21.933+0800][384.383s] GC(6)   Pre Evacuate Collection Set: 0.2ms
[2023-03-29T16:38:21.933+0800][384.383s] GC(6)   Evacuate Collection Set: 10.3ms
[2023-03-29T16:38:21.933+0800][384.383s] GC(6)   Post Evacuate Collection Set: 0.8ms
[2023-03-29T16:38:21.933+0800][384.383s] GC(6)   Other: 0.5ms
[2023-03-29T16:38:21.933+0800][384.383s] GC(6) Eden regions: 160->0(260)
[2023-03-29T16:38:21.933+0800][384.383s] GC(6) Survivor regions: 3->10(21)
[2023-03-29T16:38:21.933+0800][384.383s] GC(6) Old regions: 20->20
[2023-03-29T16:38:21.933+0800][384.383s] GC(6) Humongous regions: 4->4
[2023-03-29T16:38:21.933+0800][384.383s] GC(6) Metaspace: 51989K->51989K(1095680K)
[2023-03-29T16:38:21.933+0800][384.383s] GC(6) Pause Young (Concurrent Start) (G1 Evacuation Pause) 186M->32M(512M) 11.988ms
[2023-03-29T16:38:21.933+0800][384.383s] GC(6) User=0.07s Sys=0.03s Real=0.01s
[2023-03-29T16:38:21.933+0800][384.383s] GC(7) Concurrent Cycle
[2023-03-29T16:38:21.933+0800][384.383s] GC(7) Concurrent Clear Claimed Marks
[2023-03-29T16:38:21.933+0800][384.384s] GC(7) Concurrent Clear Claimed Marks 0.050ms
[2023-03-29T16:38:21.933+0800][384.384s] GC(7) Concurrent Scan Root Regions
[2023-03-29T16:38:21.937+0800][384.387s] GC(7) Concurrent Scan Root Regions 3.496ms
[2023-03-29T16:38:21.937+0800][384.387s] GC(7) Concurrent Mark (384.387s)
[2023-03-29T16:38:21.937+0800][384.387s] GC(7) Concurrent Mark From Roots
[2023-03-29T16:38:21.937+0800][384.387s] GC(7) Using 3 workers of 3 for marking
[2023-03-29T16:38:21.955+0800][384.405s] GC(7) Concurrent Mark From Roots 18.119ms
[2023-03-29T16:38:21.955+0800][384.405s] GC(7) Concurrent Preclean
[2023-03-29T16:38:21.955+0800][384.405s] GC(7) Concurrent Preclean 0.108ms
[2023-03-29T16:38:21.955+0800][384.405s] GC(7) Concurrent Mark (384.387s, 384.405s) 18.322ms
[2023-03-29T16:38:21.956+0800][384.406s] GC(7) Pause Remark
[2023-03-29T16:38:21.963+0800][384.414s] GC(7) Cleaned string and symbol table, strings: 23066 processed, 10 removed, symbols: 160655 processed, 78 removed
[2023-03-29T16:38:21.963+0800][384.414s] GC(7) Pause Remark 34M->34M(512M) 7.877ms
[2023-03-29T16:38:21.963+0800][384.414s] GC(7) User=0.03s Sys=0.02s Real=0.01s
[2023-03-29T16:38:21.964+0800][384.414s] GC(7) Concurrent Rebuild Remembered Sets
[2023-03-29T16:38:21.972+0800][384.422s] GC(7) Concurrent Rebuild Remembered Sets 8.050ms
[2023-03-29T16:38:21.972+0800][384.422s] GC(7) Pause Cleanup
[2023-03-29T16:38:21.972+0800][384.422s] GC(7) Pause Cleanup 35M->35M(512M) 0.142ms
[2023-03-29T16:38:21.972+0800][384.422s] GC(7) User=0.01s Sys=0.00s Real=0.00s
[2023-03-29T16:38:21.972+0800][384.423s] GC(7) Concurrent Cleanup for Next Mark
[2023-03-29T16:38:21.973+0800][384.423s] GC(7) Concurrent Cleanup for Next Mark 0.572ms
[2023-03-29T16:38:21.973+0800][384.423s] GC(7) Concurrent Cycle 39.683ms
[2023-04-03T20:53:22.703+0800][127605.052s] Heap
[2023-04-03T20:53:22.704+0800][127605.053s]  garbage-first heap   total 524288K, used 88061K [0x00000007e0000000, 0x0000000800000000)
[2023-04-03T20:53:22.704+0800][127605.053s]   region size 1024K, 65 young (66560K), 10 survivors (10240K)
[2023-04-03T20:53:22.704+0800][127605.053s]  Metaspace       used 53569K, capacity 55135K, committed 55292K, reserved 1097728K
[2023-04-03T20:53:22.704+0800][127605.053s]   class space    used 6311K, capacity 6938K, committed 7040K, reserved 1048576K
