[2023-04-06T14:50:23.427+0800][0.007s] Heap region size: 1M
[2023-04-06T14:50:23.619+0800][0.199s] Using G1
[2023-04-06T14:50:23.619+0800][0.199s] Heap address: 0x00000007e0000000, size: 512 MB, Compressed Oops mode: Zero based, Oop shift amount: 3
[2023-04-06T14:50:24.093+0800][0.673s] GC(0) Pause Young (Normal) (G1 Evacuation Pause)
[2023-04-06T14:50:24.094+0800][0.674s] GC(0) Using 12 workers of 13 for evacuation
[2023-04-06T14:50:24.096+0800][0.676s] GC(0)   Pre Evacuate Collection Set: 0.1ms
[2023-04-06T14:50:24.096+0800][0.676s] GC(0)   Evacuate Collection Set: 1.8ms
[2023-04-06T14:50:24.096+0800][0.676s] GC(0)   Post Evacuate Collection Set: 0.6ms
[2023-04-06T14:50:24.096+0800][0.676s] GC(0)   Other: 0.9ms
[2023-04-06T14:50:24.096+0800][0.676s] GC(0) Eden regions: 30->0(303)
[2023-04-06T14:50:24.096+0800][0.677s] GC(0) Survivor regions: 0->4(4)
[2023-04-06T14:50:24.096+0800][0.677s] GC(0) Old regions: 0->0
[2023-04-06T14:50:24.096+0800][0.677s] GC(0) Humongous regions: 0->0
[2023-04-06T14:50:24.096+0800][0.677s] GC(0) Metaspace: 13404K->13404K(1062912K)
[2023-04-06T14:50:24.096+0800][0.677s] GC(0) Pause Young (Normal) (G1 Evacuation Pause) 30M->3M(512M) 3.600ms
[2023-04-06T14:50:24.097+0800][0.677s] GC(0) User=0.03s Sys=0.00s Real=0.00s
[2023-04-06T14:50:24.423+0800][1.003s] GC(1) Pause Young (Concurrent Start) (Metadata GC Threshold)
[2023-04-06T14:50:24.423+0800][1.003s] GC(1) Using 12 workers of 13 for evacuation
[2023-04-06T14:50:24.433+0800][1.013s] GC(1)   Pre Evacuate Collection Set: 0.0ms
[2023-04-06T14:50:24.433+0800][1.013s] GC(1)   Evacuate Collection Set: 9.0ms
[2023-04-06T14:50:24.433+0800][1.013s] GC(1)   Post Evacuate Collection Set: 0.5ms
[2023-04-06T14:50:24.433+0800][1.013s] GC(1)   Other: 0.2ms
[2023-04-06T14:50:24.433+0800][1.013s] GC(1) Eden regions: 30->0(229)
[2023-04-06T14:50:24.433+0800][1.013s] GC(1) Survivor regions: 4->12(39)
[2023-04-06T14:50:24.433+0800][1.013s] GC(1) Old regions: 0->0
[2023-04-06T14:50:24.433+0800][1.013s] GC(1) Humongous regions: 4->4
[2023-04-06T14:50:24.433+0800][1.013s] GC(1) Metaspace: 20463K->20463K(1069056K)
[2023-04-06T14:50:24.433+0800][1.013s] GC(1) Pause Young (Concurrent Start) (Metadata GC Threshold) 36M->15M(512M) 9.849ms
[2023-04-06T14:50:24.433+0800][1.013s] GC(1) User=0.07s Sys=0.00s Real=0.01s
[2023-04-06T14:50:24.433+0800][1.013s] GC(2) Concurrent Cycle
[2023-04-06T14:50:24.433+0800][1.013s] GC(2) Concurrent Clear Claimed Marks
[2023-04-06T14:50:24.433+0800][1.014s] GC(2) Concurrent Clear Claimed Marks 0.024ms
[2023-04-06T14:50:24.434+0800][1.014s] GC(2) Concurrent Scan Root Regions
[2023-04-06T14:50:24.436+0800][1.016s] GC(2) Concurrent Scan Root Regions 2.476ms
[2023-04-06T14:50:24.436+0800][1.016s] GC(2) Concurrent Mark (1.016s)
[2023-04-06T14:50:24.436+0800][1.016s] GC(2) Concurrent Mark From Roots
[2023-04-06T14:50:24.436+0800][1.016s] GC(2) Using 3 workers of 3 for marking
[2023-04-06T14:50:24.437+0800][1.017s] GC(2) Concurrent Mark From Roots 0.677ms
[2023-04-06T14:50:24.437+0800][1.017s] GC(2) Concurrent Preclean
[2023-04-06T14:50:24.437+0800][1.017s] GC(2) Concurrent Preclean 0.033ms
[2023-04-06T14:50:24.437+0800][1.017s] GC(2) Concurrent Mark (1.016s, 1.017s) 0.768ms
[2023-04-06T14:50:24.437+0800][1.017s] GC(2) Pause Remark
[2023-04-06T14:50:24.438+0800][1.018s] GC(2) Cleaned string and symbol table, strings: 9019 processed, 0 removed, symbols: 65425 processed, 17 removed
[2023-04-06T14:50:24.438+0800][1.018s] GC(2) Pause Remark 16M->16M(512M) 1.164ms
[2023-04-06T14:50:24.438+0800][1.018s] GC(2) User=0.01s Sys=0.00s Real=0.00s
[2023-04-06T14:50:24.438+0800][1.018s] GC(2) Concurrent Rebuild Remembered Sets
[2023-04-06T14:50:24.440+0800][1.021s] GC(2) Concurrent Rebuild Remembered Sets 2.313ms
[2023-04-06T14:50:24.441+0800][1.021s] GC(2) Pause Cleanup
[2023-04-06T14:50:24.441+0800][1.021s] GC(2) Pause Cleanup 16M->16M(512M) 0.112ms
[2023-04-06T14:50:24.441+0800][1.021s] GC(2) User=0.00s Sys=0.00s Real=0.00s
[2023-04-06T14:50:24.441+0800][1.021s] GC(2) Concurrent Cleanup for Next Mark
[2023-04-06T14:50:24.441+0800][1.022s] GC(2) Concurrent Cleanup for Next Mark 0.685ms
[2023-04-06T14:50:24.441+0800][1.022s] GC(2) Concurrent Cycle 8.407ms
[2023-04-06T14:51:05.464+0800][42.044s] GC(3) Pause Young (Normal) (G1 Evacuation Pause)
[2023-04-06T14:51:05.464+0800][42.045s] GC(3) Using 13 workers of 13 for evacuation
[2023-04-06T14:51:05.473+0800][42.053s] GC(3)   Pre Evacuate Collection Set: 0.0ms
[2023-04-06T14:51:05.473+0800][42.053s] GC(3)   Evacuate Collection Set: 7.0ms
[2023-04-06T14:51:05.473+0800][42.053s] GC(3)   Post Evacuate Collection Set: 1.3ms
[2023-04-06T14:51:05.473+0800][42.053s] GC(3)   Other: 0.3ms
[2023-04-06T14:51:05.473+0800][42.053s] GC(3) Eden regions: 74->0(106)
[2023-04-06T14:51:05.473+0800][42.053s] GC(3) Survivor regions: 12->9(11)
[2023-04-06T14:51:05.473+0800][42.053s] GC(3) Old regions: 0->12
[2023-04-06T14:51:05.473+0800][42.053s] GC(3) Humongous regions: 4->4
[2023-04-06T14:51:05.473+0800][42.053s] GC(3) Metaspace: 30715K->30715K(1077248K)
[2023-04-06T14:51:05.473+0800][42.053s] GC(3) Pause Young (Normal) (G1 Evacuation Pause) 89M->23M(512M) 8.696ms
[2023-04-06T14:51:05.473+0800][42.053s] GC(3) User=0.11s Sys=0.00s Real=0.01s
[2023-04-06T14:51:05.796+0800][42.376s] GC(4) Pause Young (Concurrent Start) (Metadata GC Threshold)
[2023-04-06T14:51:05.796+0800][42.376s] GC(4) Using 13 workers of 13 for evacuation
[2023-04-06T14:51:05.800+0800][42.380s] GC(4)   Pre Evacuate Collection Set: 0.0ms
[2023-04-06T14:51:05.800+0800][42.380s] GC(4)   Evacuate Collection Set: 3.0ms
[2023-04-06T14:51:05.800+0800][42.380s] GC(4)   Post Evacuate Collection Set: 0.7ms
[2023-04-06T14:51:05.800+0800][42.380s] GC(4)   Other: 0.2ms
[2023-04-06T14:51:05.800+0800][42.380s] GC(4) Eden regions: 49->0(143)
[2023-04-06T14:51:05.800+0800][42.380s] GC(4) Survivor regions: 9->10(15)
[2023-04-06T14:51:05.800+0800][42.380s] GC(4) Old regions: 12->12
[2023-04-06T14:51:05.800+0800][42.380s] GC(4) Humongous regions: 5->4
[2023-04-06T14:51:05.800+0800][42.380s] GC(4) Metaspace: 34437K->34437K(1081344K)
[2023-04-06T14:51:05.800+0800][42.380s] GC(4) Pause Young (Concurrent Start) (Metadata GC Threshold) 73M->25M(512M) 4.067ms
[2023-04-06T14:51:05.800+0800][42.380s] GC(4) User=0.03s Sys=0.00s Real=0.01s
[2023-04-06T14:51:05.800+0800][42.380s] GC(5) Concurrent Cycle
[2023-04-06T14:51:05.800+0800][42.380s] GC(5) Concurrent Clear Claimed Marks
[2023-04-06T14:51:05.800+0800][42.380s] GC(5) Concurrent Clear Claimed Marks 0.037ms
[2023-04-06T14:51:05.800+0800][42.380s] GC(5) Concurrent Scan Root Regions
[2023-04-06T14:51:05.802+0800][42.382s] GC(5) Concurrent Scan Root Regions 1.481ms
[2023-04-06T14:51:05.802+0800][42.382s] GC(5) Concurrent Mark (42.382s)
[2023-04-06T14:51:05.802+0800][42.382s] GC(5) Concurrent Mark From Roots
[2023-04-06T14:51:05.802+0800][42.382s] GC(5) Using 3 workers of 3 for marking
[2023-04-06T14:51:05.815+0800][42.395s] GC(5) Concurrent Mark From Roots 13.377ms
[2023-04-06T14:51:05.815+0800][42.395s] GC(5) Concurrent Preclean
[2023-04-06T14:51:05.815+0800][42.396s] GC(5) Concurrent Preclean 0.054ms
[2023-04-06T14:51:05.815+0800][42.396s] GC(5) Concurrent Mark (42.382s, 42.396s) 13.523ms
[2023-04-06T14:51:05.816+0800][42.396s] GC(5) Pause Remark
[2023-04-06T14:51:05.819+0800][42.399s] GC(5) Cleaned string and symbol table, strings: 15834 processed, 15 removed, symbols: 111395 processed, 45 removed
[2023-04-06T14:51:05.819+0800][42.399s] GC(5) Pause Remark 26M->26M(512M) 3.340ms
[2023-04-06T14:51:05.819+0800][42.399s] GC(5) User=0.04s Sys=0.00s Real=0.00s
[2023-04-06T14:51:05.819+0800][42.399s] GC(5) Concurrent Rebuild Remembered Sets
[2023-04-06T14:51:05.823+0800][42.404s] GC(5) Concurrent Rebuild Remembered Sets 4.524ms
[2023-04-06T14:51:05.824+0800][42.404s] GC(5) Pause Cleanup
[2023-04-06T14:51:05.824+0800][42.404s] GC(5) Pause Cleanup 27M->27M(512M) 0.100ms
[2023-04-06T14:51:05.824+0800][42.404s] GC(5) User=0.00s Sys=0.00s Real=0.00s
[2023-04-06T14:51:05.824+0800][42.404s] GC(5) Concurrent Cleanup for Next Mark
[2023-04-06T14:51:05.824+0800][42.405s] GC(5) Concurrent Cleanup for Next Mark 0.637ms
[2023-04-06T14:51:05.824+0800][42.405s] GC(5) Concurrent Cycle 24.160ms
[2023-04-06T14:51:06.964+0800][43.544s] GC(6) Pause Young (Normal) (G1 Evacuation Pause)
[2023-04-06T14:51:06.964+0800][43.544s] GC(6) Using 13 workers of 13 for evacuation
[2023-04-06T14:51:06.972+0800][43.552s] GC(6)   Pre Evacuate Collection Set: 0.0ms
[2023-04-06T14:51:06.972+0800][43.552s] GC(6)   Evacuate Collection Set: 6.1ms
[2023-04-06T14:51:06.972+0800][43.552s] GC(6)   Post Evacuate Collection Set: 1.3ms
[2023-04-06T14:51:06.972+0800][43.552s] GC(6)   Other: 0.2ms
[2023-04-06T14:51:06.972+0800][43.552s] GC(6) Eden regions: 143->0(185)
[2023-04-06T14:51:06.972+0800][43.552s] GC(6) Survivor regions: 10->20(20)
[2023-04-06T14:51:06.972+0800][43.552s] GC(6) Old regions: 12->12
[2023-04-06T14:51:06.972+0800][43.552s] GC(6) Humongous regions: 5->4
[2023-04-06T14:51:06.972+0800][43.552s] GC(6) Metaspace: 48705K->48705K(1093632K)
[2023-04-06T14:51:06.972+0800][43.552s] GC(6) Pause Young (Normal) (G1 Evacuation Pause) 169M->35M(512M) 7.677ms
[2023-04-06T14:51:06.972+0800][43.552s] GC(6) User=0.11s Sys=0.00s Real=0.01s
[2023-04-06T14:51:07.485+0800][44.065s] GC(7) Pause Young (Concurrent Start) (Metadata GC Threshold)
[2023-04-06T14:51:07.485+0800][44.065s] GC(7) Using 13 workers of 13 for evacuation
[2023-04-06T14:51:07.497+0800][44.077s] GC(7)   Pre Evacuate Collection Set: 0.1ms
[2023-04-06T14:51:07.497+0800][44.077s] GC(7)   Evacuate Collection Set: 11.2ms
[2023-04-06T14:51:07.497+0800][44.077s] GC(7)   Post Evacuate Collection Set: 0.6ms
[2023-04-06T14:51:07.497+0800][44.077s] GC(7)   Other: 0.2ms
[2023-04-06T14:51:07.497+0800][44.077s] GC(7) Eden regions: 131->0(189)
[2023-04-06T14:51:07.497+0800][44.077s] GC(7) Survivor regions: 20->19(26)
[2023-04-06T14:51:07.497+0800][44.077s] GC(7) Old regions: 12->19
[2023-04-06T14:51:07.497+0800][44.077s] GC(7) Humongous regions: 4->4
[2023-04-06T14:51:07.497+0800][44.077s] GC(7) Metaspace: 58231K->58231K(1101824K)
[2023-04-06T14:51:07.497+0800][44.077s] GC(7) Pause Young (Concurrent Start) (Metadata GC Threshold) 166M->41M(512M) 12.118ms
[2023-04-06T14:51:07.497+0800][44.077s] GC(7) User=0.08s Sys=0.00s Real=0.01s
[2023-04-06T14:51:07.497+0800][44.077s] GC(8) Concurrent Cycle
[2023-04-06T14:51:07.497+0800][44.077s] GC(8) Concurrent Clear Claimed Marks
[2023-04-06T14:51:07.497+0800][44.077s] GC(8) Concurrent Clear Claimed Marks 0.034ms
[2023-04-06T14:51:07.497+0800][44.077s] GC(8) Concurrent Scan Root Regions
[2023-04-06T14:51:07.502+0800][44.082s] GC(8) Concurrent Scan Root Regions 4.755ms
[2023-04-06T14:51:07.502+0800][44.082s] GC(8) Concurrent Mark (44.082s)
[2023-04-06T14:51:07.502+0800][44.082s] GC(8) Concurrent Mark From Roots
[2023-04-06T14:51:07.502+0800][44.082s] GC(8) Using 3 workers of 3 for marking
[2023-04-06T14:51:07.519+0800][44.099s] GC(8) Concurrent Mark From Roots 16.693ms
[2023-04-06T14:51:07.519+0800][44.099s] GC(8) Concurrent Preclean
[2023-04-06T14:51:07.519+0800][44.099s] GC(8) Concurrent Preclean 0.135ms
[2023-04-06T14:51:07.519+0800][44.099s] GC(8) Concurrent Mark (44.082s, 44.099s) 16.930ms
[2023-04-06T14:51:07.520+0800][44.100s] GC(8) Pause Remark
[2023-04-06T14:51:07.523+0800][44.103s] GC(8) Cleaned string and symbol table, strings: 27017 processed, 0 removed, symbols: 179741 processed, 327 removed
[2023-04-06T14:51:07.523+0800][44.103s] GC(8) Pause Remark 56M->56M(512M) 3.291ms
[2023-04-06T14:51:07.523+0800][44.103s] GC(8) User=0.04s Sys=0.00s Real=0.00s
[2023-04-06T14:51:07.523+0800][44.103s] GC(8) Concurrent Rebuild Remembered Sets
[2023-04-06T14:51:07.532+0800][44.113s] GC(8) Concurrent Rebuild Remembered Sets 9.501ms
[2023-04-06T14:51:07.534+0800][44.114s] GC(8) Pause Cleanup
[2023-04-06T14:51:07.534+0800][44.114s] GC(8) Pause Cleanup 58M->58M(512M) 0.155ms
[2023-04-06T14:51:07.534+0800][44.114s] GC(8) User=0.00s Sys=0.00s Real=0.00s
[2023-04-06T14:51:07.534+0800][44.114s] GC(8) Concurrent Cleanup for Next Mark
[2023-04-06T14:51:07.535+0800][44.115s] GC(8) Concurrent Cleanup for Next Mark 0.760ms
[2023-04-06T14:51:07.535+0800][44.115s] GC(8) Concurrent Cycle 37.576ms
[2023-04-06T15:26:38.660+0800][1425.136s] Heap
[2023-04-06T15:26:38.660+0800][1425.136s]  garbage-first heap   total 524288K, used 233055K [0x00000007e0000000, 0x0000000800000000)
[2023-04-06T15:26:38.660+0800][1425.136s]   region size 1024K, 206 young (210944K), 19 survivors (19456K)
[2023-04-06T15:26:38.660+0800][1425.136s]  Metaspace       used 68363K, capacity 70813K, committed 71024K, reserved 1112064K
[2023-04-06T15:26:38.660+0800][1425.136s]   class space    used 8336K, capacity 9357K, committed 9460K, reserved 1048576K
