[2023-04-03T21:32:00.299+0800][0.007s] Heap region size: 1M
[2023-04-03T21:32:00.524+0800][0.232s] Using G1
[2023-04-03T21:32:00.524+0800][0.232s] Heap address: 0x00000007e0000000, size: 512 MB, Compressed Oops mode: Zero based, Oop shift amount: 3
[2023-04-03T21:32:01.203+0800][0.911s] GC(0) Pause Young (Normal) (G1 Evacuation Pause)
[2023-04-03T21:32:01.204+0800][0.912s] GC(0) Using 12 workers of 13 for evacuation
[2023-04-03T21:32:01.207+0800][0.915s] GC(0)   Pre Evacuate Collection Set: 0.0ms
[2023-04-03T21:32:01.207+0800][0.915s] GC(0)   Evacuate Collection Set: 2.1ms
[2023-04-03T21:32:01.207+0800][0.915s] GC(0)   Post Evacuate Collection Set: 0.9ms
[2023-04-03T21:32:01.207+0800][0.915s] GC(0)   Other: 0.6ms
[2023-04-03T21:32:01.207+0800][0.915s] GC(0) Eden regions: 30->0(303)
[2023-04-03T21:32:01.207+0800][0.915s] GC(0) Survivor regions: 0->4(4)
[2023-04-03T21:32:01.207+0800][0.915s] GC(0) Old regions: 0->0
[2023-04-03T21:32:01.207+0800][0.915s] GC(0) Humongous regions: 0->0
[2023-04-03T21:32:01.207+0800][0.915s] GC(0) Metaspace: 13393K->13393K(1062912K)
[2023-04-03T21:32:01.207+0800][0.915s] GC(0) Pause Young (Normal) (G1 Evacuation Pause) 30M->3M(512M) 3.728ms
[2023-04-03T21:32:01.207+0800][0.915s] GC(0) User=0.03s Sys=0.00s Real=0.00s
[2023-04-03T21:32:01.625+0800][1.333s] GC(1) Pause Young (Concurrent Start) (Metadata GC Threshold)
[2023-04-03T21:32:01.625+0800][1.333s] GC(1) Using 12 workers of 13 for evacuation
[2023-04-03T21:32:01.634+0800][1.342s] GC(1)   Pre Evacuate Collection Set: 0.0ms
[2023-04-03T21:32:01.634+0800][1.342s] GC(1)   Evacuate Collection Set: 8.6ms
[2023-04-03T21:32:01.634+0800][1.342s] GC(1)   Post Evacuate Collection Set: 0.7ms
[2023-04-03T21:32:01.634+0800][1.342s] GC(1)   Other: 0.3ms
[2023-04-03T21:32:01.634+0800][1.342s] GC(1) Eden regions: 30->0(157)
[2023-04-03T21:32:01.634+0800][1.342s] GC(1) Survivor regions: 4->12(39)
[2023-04-03T21:32:01.634+0800][1.342s] GC(1) Old regions: 0->0
[2023-04-03T21:32:01.634+0800][1.342s] GC(1) Humongous regions: 4->4
[2023-04-03T21:32:01.634+0800][1.342s] GC(1) Metaspace: 20503K->20503K(1069056K)
[2023-04-03T21:32:01.634+0800][1.342s] GC(1) Pause Young (Concurrent Start) (Metadata GC Threshold) 36M->15M(512M) 9.588ms
[2023-04-03T21:32:01.634+0800][1.342s] GC(1) User=0.06s Sys=0.00s Real=0.01s
[2023-04-03T21:32:01.634+0800][1.342s] GC(2) Concurrent Cycle
[2023-04-03T21:32:01.634+0800][1.342s] GC(2) Concurrent Clear Claimed Marks
[2023-04-03T21:32:01.634+0800][1.342s] GC(2) Concurrent Clear Claimed Marks 0.019ms
[2023-04-03T21:32:01.634+0800][1.342s] GC(2) Concurrent Scan Root Regions
[2023-04-03T21:32:01.637+0800][1.345s] GC(2) Concurrent Scan Root Regions 2.984ms
[2023-04-03T21:32:01.637+0800][1.345s] GC(2) Concurrent Mark (1.345s)
[2023-04-03T21:32:01.637+0800][1.345s] GC(2) Concurrent Mark From Roots
[2023-04-03T21:32:01.637+0800][1.345s] GC(2) Using 3 workers of 3 for marking
[2023-04-03T21:32:01.638+0800][1.346s] GC(2) Concurrent Mark From Roots 0.807ms
[2023-04-03T21:32:01.638+0800][1.346s] GC(2) Concurrent Preclean
[2023-04-03T21:32:01.638+0800][1.346s] GC(2) Concurrent Preclean 0.067ms
[2023-04-03T21:32:01.638+0800][1.346s] GC(2) Concurrent Mark (1.345s, 1.346s) 0.932ms
[2023-04-03T21:32:01.639+0800][1.347s] GC(2) Pause Remark
[2023-04-03T21:32:01.640+0800][1.348s] GC(2) Cleaned string and symbol table, strings: 8949 processed, 0 removed, symbols: 65450 processed, 17 removed
[2023-04-03T21:32:01.640+0800][1.348s] GC(2) Pause Remark 16M->16M(512M) 1.328ms
[2023-04-03T21:32:01.640+0800][1.348s] GC(2) User=0.01s Sys=0.00s Real=0.01s
[2023-04-03T21:32:01.640+0800][1.348s] GC(2) Concurrent Rebuild Remembered Sets
[2023-04-03T21:32:01.642+0800][1.350s] GC(2) Concurrent Rebuild Remembered Sets 2.414ms
[2023-04-03T21:32:01.643+0800][1.351s] GC(2) Pause Cleanup
[2023-04-03T21:32:01.643+0800][1.351s] GC(2) Pause Cleanup 16M->16M(512M) 0.129ms
[2023-04-03T21:32:01.643+0800][1.351s] GC(2) User=0.00s Sys=0.00s Real=0.00s
[2023-04-03T21:32:01.643+0800][1.351s] GC(2) Concurrent Cleanup for Next Mark
[2023-04-03T21:32:01.644+0800][1.352s] GC(2) Concurrent Cleanup for Next Mark 0.701ms
[2023-04-03T21:32:01.644+0800][1.352s] GC(2) Concurrent Cycle 9.530ms
[2023-04-03T21:32:32.336+0800][32.043s] GC(3) Pause Young (Normal) (G1 Evacuation Pause)
[2023-04-03T21:32:32.336+0800][32.043s] GC(3) Using 13 workers of 13 for evacuation
[2023-04-03T21:32:32.349+0800][32.056s] GC(3)   Pre Evacuate Collection Set: 0.0ms
[2023-04-03T21:32:32.349+0800][32.056s] GC(3)   Evacuate Collection Set: 11.8ms
[2023-04-03T21:32:32.349+0800][32.056s] GC(3)   Post Evacuate Collection Set: 1.1ms
[2023-04-03T21:32:32.349+0800][32.056s] GC(3)   Other: 0.2ms
[2023-04-03T21:32:32.349+0800][32.056s] GC(3) Eden regions: 42->0(69)
[2023-04-03T21:32:32.349+0800][32.056s] GC(3) Survivor regions: 12->6(7)
[2023-04-03T21:32:32.349+0800][32.056s] GC(3) Old regions: 0->12
[2023-04-03T21:32:32.349+0800][32.056s] GC(3) Humongous regions: 4->4
[2023-04-03T21:32:32.349+0800][32.056s] GC(3) Metaspace: 28066K->28066K(1075200K)
[2023-04-03T21:32:32.349+0800][32.056s] GC(3) Pause Young (Normal) (G1 Evacuation Pause) 57M->21M(512M) 13.181ms
[2023-04-03T21:32:32.349+0800][32.056s] GC(3) User=0.08s Sys=0.05s Real=0.01s
[2023-04-03T21:32:32.967+0800][32.675s] GC(4) Pause Young (Normal) (G1 Evacuation Pause)
[2023-04-03T21:32:32.967+0800][32.675s] GC(4) Using 13 workers of 13 for evacuation
[2023-04-03T21:32:32.980+0800][32.687s] GC(4)   Pre Evacuate Collection Set: 0.0ms
[2023-04-03T21:32:32.980+0800][32.687s] GC(4)   Evacuate Collection Set: 11.5ms
[2023-04-03T21:32:32.980+0800][32.687s] GC(4)   Post Evacuate Collection Set: 0.9ms
[2023-04-03T21:32:32.980+0800][32.687s] GC(4)   Other: 0.2ms
[2023-04-03T21:32:32.980+0800][32.688s] GC(4) Eden regions: 69->0(105)
[2023-04-03T21:32:32.980+0800][32.688s] GC(4) Survivor regions: 6->5(10)
[2023-04-03T21:32:32.980+0800][32.688s] GC(4) Old regions: 12->18
[2023-04-03T21:32:32.980+0800][32.688s] GC(4) Humongous regions: 5->4
[2023-04-03T21:32:32.980+0800][32.688s] GC(4) Metaspace: 33253K->33253K(1079296K)
[2023-04-03T21:32:32.980+0800][32.688s] GC(4) Pause Young (Normal) (G1 Evacuation Pause) 91M->25M(512M) 13.258ms
[2023-04-03T21:32:32.981+0800][32.688s] GC(4) User=0.06s Sys=0.05s Real=0.02s
[2023-04-03T21:32:33.126+0800][32.834s] GC(5) Pause Young (Concurrent Start) (Metadata GC Threshold)
[2023-04-03T21:32:33.126+0800][32.834s] GC(5) Using 13 workers of 13 for evacuation
[2023-04-03T21:32:33.130+0800][32.838s] GC(5)   Pre Evacuate Collection Set: 0.1ms
[2023-04-03T21:32:33.130+0800][32.838s] GC(5)   Evacuate Collection Set: 2.8ms
[2023-04-03T21:32:33.131+0800][32.838s] GC(5)   Post Evacuate Collection Set: 0.7ms
[2023-04-03T21:32:33.131+0800][32.838s] GC(5)   Other: 0.5ms
[2023-04-03T21:32:33.131+0800][32.838s] GC(5) Eden regions: 12->0(126)
[2023-04-03T21:32:33.131+0800][32.838s] GC(5) Survivor regions: 5->5(14)
[2023-04-03T21:32:33.131+0800][32.838s] GC(5) Old regions: 18->18
[2023-04-03T21:32:33.131+0800][32.838s] GC(5) Humongous regions: 4->4
[2023-04-03T21:32:33.131+0800][32.839s] GC(5) Metaspace: 34691K->34691K(1081344K)
[2023-04-03T21:32:33.131+0800][32.839s] GC(5) Pause Young (Concurrent Start) (Metadata GC Threshold) 37M->25M(512M) 4.988ms
[2023-04-03T21:32:33.131+0800][32.839s] GC(5) User=0.03s Sys=0.01s Real=0.01s
[2023-04-03T21:32:33.131+0800][32.839s] GC(6) Concurrent Cycle
[2023-04-03T21:32:33.132+0800][32.839s] GC(6) Concurrent Clear Claimed Marks
[2023-04-03T21:32:33.132+0800][32.839s] GC(6) Concurrent Clear Claimed Marks 0.089ms
[2023-04-03T21:32:33.132+0800][32.839s] GC(6) Concurrent Scan Root Regions
[2023-04-03T21:32:33.133+0800][32.841s] GC(6) Concurrent Scan Root Regions 1.667ms
[2023-04-03T21:32:33.134+0800][32.841s] GC(6) Concurrent Mark (32.841s)
[2023-04-03T21:32:33.134+0800][32.841s] GC(6) Concurrent Mark From Roots
[2023-04-03T21:32:33.134+0800][32.841s] GC(6) Using 3 workers of 3 for marking
[2023-04-03T21:32:33.152+0800][32.859s] GC(6) Concurrent Mark From Roots 17.984ms
[2023-04-03T21:32:33.152+0800][32.859s] GC(6) Concurrent Preclean
[2023-04-03T21:32:33.152+0800][32.859s] GC(6) Concurrent Preclean 0.237ms
[2023-04-03T21:32:33.152+0800][32.859s] GC(6) Concurrent Mark (32.841s, 32.859s) 18.578ms
[2023-04-03T21:32:33.152+0800][32.860s] GC(6) Pause Remark
[2023-04-03T21:32:33.162+0800][32.869s] GC(6) Cleaned string and symbol table, strings: 15730 processed, 25 removed, symbols: 112352 processed, 44 removed
[2023-04-03T21:32:33.162+0800][32.870s] GC(6) Pause Remark 27M->27M(512M) 10.101ms
[2023-04-03T21:32:33.162+0800][32.870s] GC(6) User=0.04s Sys=0.03s Real=0.01s
[2023-04-03T21:32:33.162+0800][32.870s] GC(6) Concurrent Rebuild Remembered Sets
[2023-04-03T21:32:33.169+0800][32.877s] GC(6) Concurrent Rebuild Remembered Sets 6.786ms
[2023-04-03T21:32:33.170+0800][32.877s] GC(6) Pause Cleanup
[2023-04-03T21:32:33.170+0800][32.877s] GC(6) Pause Cleanup 27M->27M(512M) 0.158ms
[2023-04-03T21:32:33.170+0800][32.877s] GC(6) User=0.00s Sys=0.00s Real=0.00s
[2023-04-03T21:32:33.170+0800][32.877s] GC(6) Concurrent Cleanup for Next Mark
[2023-04-03T21:32:33.173+0800][32.881s] GC(6) Concurrent Cleanup for Next Mark 3.363ms
[2023-04-03T21:32:33.173+0800][32.881s] GC(6) Concurrent Cycle 41.794ms
[2023-04-03T21:32:35.075+0800][34.782s] GC(7) Pause Young (Normal) (G1 Evacuation Pause)
[2023-04-03T21:32:35.075+0800][34.783s] GC(7) Using 13 workers of 13 for evacuation
[2023-04-03T21:32:35.085+0800][34.793s] GC(7)   Pre Evacuate Collection Set: 0.0ms
[2023-04-03T21:32:35.085+0800][34.793s] GC(7)   Evacuate Collection Set: 9.0ms
[2023-04-03T21:32:35.085+0800][34.793s] GC(7)   Post Evacuate Collection Set: 1.1ms
[2023-04-03T21:32:35.085+0800][34.793s] GC(7)   Other: 0.1ms
[2023-04-03T21:32:35.085+0800][34.793s] GC(7) Eden regions: 126->0(297)
[2023-04-03T21:32:35.086+0800][34.793s] GC(7) Survivor regions: 5->10(17)
[2023-04-03T21:32:35.086+0800][34.793s] GC(7) Old regions: 18->18
[2023-04-03T21:32:35.086+0800][34.793s] GC(7) Humongous regions: 4->4
[2023-04-03T21:32:35.086+0800][34.793s] GC(7) Metaspace: 48450K->48450K(1093632K)
[2023-04-03T21:32:35.086+0800][34.793s] GC(7) Pause Young (Normal) (G1 Evacuation Pause) 151M->30M(512M) 10.425ms
[2023-04-03T21:32:35.086+0800][34.793s] GC(7) User=0.05s Sys=0.03s Real=0.01s
[2023-04-05T23:01:17.620+0800][82425.195s] GC(8) Pause Young (Concurrent Start) (Metadata GC Threshold)
[2023-04-05T23:01:17.637+0800][82425.211s] GC(8) Using 13 workers of 13 for evacuation
[2023-04-05T23:01:17.969+0800][82425.542s] GC(8) MMU target violated: 251.0ms (250.0ms/251.0ms)
[2023-04-05T23:01:17.974+0800][82425.548s] GC(8)   Pre Evacuate Collection Set: 6.6ms
[2023-04-05T23:01:17.974+0800][82425.548s] GC(8)   Evacuate Collection Set: 315.8ms
[2023-04-05T23:01:17.974+0800][82425.548s] GC(8)   Post Evacuate Collection Set: 3.1ms
[2023-04-05T23:01:17.974+0800][82425.548s] GC(8)   Other: 33.5ms
[2023-04-05T23:01:17.975+0800][82425.548s] GC(8) Eden regions: 146->0(212)
[2023-04-05T23:01:17.975+0800][82425.548s] GC(8) Survivor regions: 10->21(39)
[2023-04-05T23:01:17.975+0800][82425.548s] GC(8) Old regions: 18->18
[2023-04-05T23:01:17.975+0800][82425.548s] GC(8) Humongous regions: 5->4
[2023-04-05T23:01:17.975+0800][82425.549s] GC(8) Metaspace: 58460K->58460K(1101824K)
[2023-04-05T23:01:17.975+0800][82425.549s] GC(8) Pause Young (Concurrent Start) (Metadata GC Threshold) 177M->42M(512M) 356.635ms
[2023-04-05T23:01:17.975+0800][82425.549s] GC(8) User=0.08s Sys=0.35s Real=0.36s
[2023-04-05T23:01:17.977+0800][82425.551s] GC(9) Concurrent Cycle
[2023-04-05T23:01:17.977+0800][82425.551s] GC(9) Concurrent Clear Claimed Marks
[2023-04-05T23:01:17.977+0800][82425.551s] GC(9) Concurrent Clear Claimed Marks 0.101ms
[2023-04-05T23:01:17.977+0800][82425.551s] GC(9) Concurrent Scan Root Regions
[2023-04-05T23:01:17.992+0800][82425.565s] GC(9) Concurrent Scan Root Regions 14.345ms
[2023-04-05T23:01:17.992+0800][82425.565s] GC(9) Concurrent Mark (82425.565s)
[2023-04-05T23:01:17.992+0800][82425.566s] GC(9) Concurrent Mark From Roots
[2023-04-05T23:01:17.992+0800][82425.566s] GC(9) Using 3 workers of 3 for marking
[2023-04-05T23:01:18.076+0800][82425.649s] GC(9) Concurrent Mark From Roots 83.969ms
[2023-04-05T23:01:18.076+0800][82425.650s] GC(9) Concurrent Preclean
[2023-04-05T23:01:18.076+0800][82425.650s] GC(9) Concurrent Preclean 0.194ms
[2023-04-05T23:01:18.076+0800][82425.650s] GC(9) Concurrent Mark (82425.565s, 82425.650s) 84.293ms
[2023-04-05T23:01:18.077+0800][82425.651s] GC(9) Pause Remark
[2023-04-05T23:01:18.230+0800][82425.804s] GC(9) Cleaned string and symbol table, strings: 26775 processed, 1124 removed, symbols: 175847 processed, 169 removed
[2023-04-05T23:01:18.232+0800][82425.805s] GC(9) Pause Remark 44M->44M(512M) 154.355ms
[2023-04-05T23:01:18.232+0800][82425.805s] GC(9) User=0.06s Sys=0.35s Real=0.16s
[2023-04-05T23:01:18.232+0800][82425.805s] GC(9) Concurrent Rebuild Remembered Sets
[2023-04-05T23:01:18.238+0800][82425.811s] GC(9) Concurrent Rebuild Remembered Sets 6.062ms
[2023-04-05T23:01:18.249+0800][82425.822s] GC(9) Pause Cleanup
[2023-04-05T23:01:18.249+0800][82425.822s] GC(9) Pause Cleanup 44M->44M(512M) 0.180ms
[2023-04-05T23:01:18.249+0800][82425.822s] GC(9) User=0.01s Sys=0.00s Real=0.00s
[2023-04-05T23:01:18.249+0800][82425.823s] GC(9) Concurrent Cleanup for Next Mark
[2023-04-05T23:01:18.255+0800][82425.829s] GC(9) Concurrent Cleanup for Next Mark 6.324ms
[2023-04-05T23:01:18.255+0800][82425.829s] GC(9) Concurrent Cycle 278.237ms
[2023-04-06T00:14:14.265+0800][86801.777s] GC(10) Pause Young (Normal) (G1 Evacuation Pause)
[2023-04-06T00:14:14.265+0800][86801.777s] GC(10) Using 13 workers of 13 for evacuation
[2023-04-06T00:14:14.289+0800][86801.801s] GC(10)   Pre Evacuate Collection Set: 0.0ms
[2023-04-06T00:14:14.289+0800][86801.801s] GC(10)   Evacuate Collection Set: 20.3ms
[2023-04-06T00:14:14.289+0800][86801.801s] GC(10)   Post Evacuate Collection Set: 2.7ms
[2023-04-06T00:14:14.289+0800][86801.801s] GC(10)   Other: 1.2ms
[2023-04-06T00:14:14.289+0800][86801.801s] GC(10) Eden regions: 220->0(274)
[2023-04-06T00:14:14.289+0800][86801.801s] GC(10) Survivor regions: 21->23(31)
[2023-04-06T00:14:14.289+0800][86801.801s] GC(10) Old regions: 18->27
[2023-04-06T00:14:14.289+0800][86801.801s] GC(10) Humongous regions: 5->4
[2023-04-06T00:14:14.289+0800][86801.801s] GC(10) Metaspace: 70504K->70504K(1112064K)
[2023-04-06T00:14:14.289+0800][86801.801s] GC(10) Pause Young (Normal) (G1 Evacuation Pause) 263M->53M(512M) 24.386ms
[2023-04-06T00:14:14.289+0800][86801.801s] GC(10) User=0.13s Sys=0.08s Real=0.02s
[2023-04-06T14:24:30.308+0800][101767.500s] GC(11) Pause Young (Normal) (G1 Evacuation Pause)
[2023-04-06T14:24:30.310+0800][101767.501s] GC(11) Using 13 workers of 13 for evacuation
[2023-04-06T14:24:30.395+0800][101767.586s] GC(11)   Pre Evacuate Collection Set: 1.8ms
[2023-04-06T14:24:30.395+0800][101767.586s] GC(11)   Evacuate Collection Set: 78.6ms
[2023-04-06T14:24:30.395+0800][101767.586s] GC(11)   Post Evacuate Collection Set: 3.4ms
[2023-04-06T14:24:30.395+0800][101767.586s] GC(11)   Other: 3.7ms
[2023-04-06T14:24:30.395+0800][101767.586s] GC(11) Eden regions: 274->0(285)
[2023-04-06T14:24:30.395+0800][101767.586s] GC(11) Survivor regions: 23->22(38)
[2023-04-06T14:24:30.395+0800][101767.586s] GC(11) Old regions: 27->38
[2023-04-06T14:24:30.395+0800][101767.586s] GC(11) Humongous regions: 6->4
[2023-04-06T14:24:30.395+0800][101767.586s] GC(11) Metaspace: 74338K->74338K(1116160K)
[2023-04-06T14:24:30.395+0800][101767.586s] GC(11) Pause Young (Normal) (G1 Evacuation Pause) 329M->62M(512M) 86.717ms
[2023-04-06T14:24:30.395+0800][101767.586s] GC(11) User=0.12s Sys=0.33s Real=0.09s
[2023-04-06T14:49:46.502+0800][103283.722s] Heap
[2023-04-06T14:49:46.503+0800][103283.722s]  garbage-first heap   total 524288K, used 234452K [0x00000007e0000000, 0x0000000800000000)
[2023-04-06T14:49:46.503+0800][103283.722s]   region size 1024K, 190 young (194560K), 22 survivors (22528K)
[2023-04-06T14:49:46.503+0800][103283.722s]  Metaspace       used 75758K, capacity 78199K, committed 78464K, reserved 1118208K
[2023-04-06T14:49:46.503+0800][103283.722s]   class space    used 8766K, capacity 9763K, committed 9856K, reserved 1048576K
