[2023-04-06T15:26:43.738+0800][0.007s] Heap region size: 1M
[2023-04-06T15:26:43.918+0800][0.187s] Using G1
[2023-04-06T15:26:43.918+0800][0.187s] Heap address: 0x00000007e0000000, size: 512 MB, Compressed Oops mode: Zero based, Oop shift amount: 3
[2023-04-06T15:26:44.385+0800][0.655s] GC(0) Pause Young (Normal) (G1 Evacuation Pause)
[2023-04-06T15:26:44.386+0800][0.655s] GC(0) Using 12 workers of 13 for evacuation
[2023-04-06T15:26:44.388+0800][0.657s] GC(0)   Pre Evacuate Collection Set: 0.0ms
[2023-04-06T15:26:44.388+0800][0.657s] GC(0)   Evacuate Collection Set: 1.8ms
[2023-04-06T15:26:44.388+0800][0.657s] GC(0)   Post Evacuate Collection Set: 0.3ms
[2023-04-06T15:26:44.388+0800][0.657s] GC(0)   Other: 0.6ms
[2023-04-06T15:26:44.388+0800][0.657s] GC(0) Eden regions: 30->0(303)
[2023-04-06T15:26:44.388+0800][0.657s] GC(0) Survivor regions: 0->4(4)
[2023-04-06T15:26:44.388+0800][0.657s] GC(0) Old regions: 0->0
[2023-04-06T15:26:44.388+0800][0.657s] GC(0) Humongous regions: 0->0
[2023-04-06T15:26:44.388+0800][0.657s] GC(0) Metaspace: 13418K->13418K(1060864K)
[2023-04-06T15:26:44.388+0800][0.657s] GC(0) Pause Young (Normal) (G1 Evacuation Pause) 30M->3M(512M) 2.847ms
[2023-04-06T15:26:44.388+0800][0.657s] GC(0) User=0.02s Sys=0.00s Real=0.00s
[2023-04-06T15:26:44.698+0800][0.967s] GC(1) Pause Young (Concurrent Start) (Metadata GC Threshold)
[2023-04-06T15:26:44.698+0800][0.967s] GC(1) Using 12 workers of 13 for evacuation
[2023-04-06T15:26:44.708+0800][0.977s] GC(1)   Pre Evacuate Collection Set: 0.0ms
[2023-04-06T15:26:44.708+0800][0.977s] GC(1)   Evacuate Collection Set: 9.3ms
[2023-04-06T15:26:44.708+0800][0.977s] GC(1)   Post Evacuate Collection Set: 0.9ms
[2023-04-06T15:26:44.708+0800][0.977s] GC(1)   Other: 0.2ms
[2023-04-06T15:26:44.708+0800][0.977s] GC(1) Eden regions: 29->0(244)
[2023-04-06T15:26:44.708+0800][0.977s] GC(1) Survivor regions: 4->12(39)
[2023-04-06T15:26:44.708+0800][0.977s] GC(1) Old regions: 0->0
[2023-04-06T15:26:44.708+0800][0.977s] GC(1) Humongous regions: 4->4
[2023-04-06T15:26:44.708+0800][0.977s] GC(1) Metaspace: 20463K->20463K(1069056K)
[2023-04-06T15:26:44.708+0800][0.977s] GC(1) Pause Young (Concurrent Start) (Metadata GC Threshold) 35M->15M(512M) 10.534ms
[2023-04-06T15:26:44.708+0800][0.977s] GC(1) User=0.07s Sys=0.00s Real=0.01s
[2023-04-06T15:26:44.708+0800][0.977s] GC(2) Concurrent Cycle
[2023-04-06T15:26:44.708+0800][0.978s] GC(2) Concurrent Clear Claimed Marks
[2023-04-06T15:26:44.708+0800][0.978s] GC(2) Concurrent Clear Claimed Marks 0.021ms
[2023-04-06T15:26:44.708+0800][0.978s] GC(2) Concurrent Scan Root Regions
[2023-04-06T15:26:44.711+0800][0.980s] GC(2) Concurrent Scan Root Regions 2.340ms
[2023-04-06T15:26:44.711+0800][0.980s] GC(2) Concurrent Mark (0.980s)
[2023-04-06T15:26:44.711+0800][0.980s] GC(2) Concurrent Mark From Roots
[2023-04-06T15:26:44.711+0800][0.980s] GC(2) Using 3 workers of 3 for marking
[2023-04-06T15:26:44.711+0800][0.981s] GC(2) Concurrent Mark From Roots 0.668ms
[2023-04-06T15:26:44.711+0800][0.981s] GC(2) Concurrent Preclean
[2023-04-06T15:26:44.711+0800][0.981s] GC(2) Concurrent Preclean 0.036ms
[2023-04-06T15:26:44.711+0800][0.981s] GC(2) Concurrent Mark (0.980s, 0.981s) 0.757ms
[2023-04-06T15:26:44.711+0800][0.981s] GC(2) Pause Remark
[2023-04-06T15:26:44.713+0800][0.982s] GC(2) Cleaned string and symbol table, strings: 9004 processed, 0 removed, symbols: 65425 processed, 17 removed
[2023-04-06T15:26:44.713+0800][0.982s] GC(2) Pause Remark 16M->16M(512M) 1.649ms
[2023-04-06T15:26:44.713+0800][0.982s] GC(2) User=0.01s Sys=0.00s Real=0.00s
[2023-04-06T15:26:44.713+0800][0.983s] GC(2) Concurrent Rebuild Remembered Sets
[2023-04-06T15:26:44.715+0800][0.985s] GC(2) Concurrent Rebuild Remembered Sets 2.232ms
[2023-04-06T15:26:44.716+0800][0.985s] GC(2) Pause Cleanup
[2023-04-06T15:26:44.716+0800][0.985s] GC(2) Pause Cleanup 16M->16M(512M) 0.100ms
[2023-04-06T15:26:44.716+0800][0.985s] GC(2) User=0.00s Sys=0.00s Real=0.00s
[2023-04-06T15:26:44.716+0800][0.985s] GC(2) Concurrent Cleanup for Next Mark
[2023-04-06T15:26:44.716+0800][0.986s] GC(2) Concurrent Cleanup for Next Mark 0.733ms
[2023-04-06T15:26:44.716+0800][0.986s] GC(2) Concurrent Cycle 8.326ms
[2023-04-06T15:27:25.297+0800][41.565s] GC(3) Pause Young (Normal) (G1 Evacuation Pause)
[2023-04-06T15:27:25.297+0800][41.565s] GC(3) Using 13 workers of 13 for evacuation
[2023-04-06T15:27:25.305+0800][41.573s] GC(3)   Pre Evacuate Collection Set: 0.0ms
[2023-04-06T15:27:25.305+0800][41.573s] GC(3)   Evacuate Collection Set: 6.5ms
[2023-04-06T15:27:25.305+0800][41.573s] GC(3)   Post Evacuate Collection Set: 1.1ms
[2023-04-06T15:27:25.305+0800][41.573s] GC(3)   Other: 0.3ms
[2023-04-06T15:27:25.305+0800][41.573s] GC(3) Eden regions: 42->0(90)
[2023-04-06T15:27:25.305+0800][41.573s] GC(3) Survivor regions: 12->7(7)
[2023-04-06T15:27:25.305+0800][41.573s] GC(3) Old regions: 0->12
[2023-04-06T15:27:25.305+0800][41.573s] GC(3) Humongous regions: 4->4
[2023-04-06T15:27:25.305+0800][41.573s] GC(3) Metaspace: 28084K->28084K(1075200K)
[2023-04-06T15:27:25.305+0800][41.573s] GC(3) Pause Young (Normal) (G1 Evacuation Pause) 57M->21M(512M) 8.037ms
[2023-04-06T15:27:25.305+0800][41.573s] GC(3) User=0.11s Sys=0.00s Real=0.01s
[2023-04-06T15:27:25.866+0800][42.134s] GC(4) Pause Young (Concurrent Start) (Metadata GC Threshold)
[2023-04-06T15:27:25.866+0800][42.134s] GC(4) Using 13 workers of 13 for evacuation
[2023-04-06T15:27:25.870+0800][42.138s] GC(4)   Pre Evacuate Collection Set: 0.0ms
[2023-04-06T15:27:25.870+0800][42.138s] GC(4)   Evacuate Collection Set: 2.9ms
[2023-04-06T15:27:25.870+0800][42.138s] GC(4)   Post Evacuate Collection Set: 1.0ms
[2023-04-06T15:27:25.870+0800][42.139s] GC(4)   Other: 0.2ms
[2023-04-06T15:27:25.870+0800][42.139s] GC(4) Eden regions: 80->0(296)
[2023-04-06T15:27:25.870+0800][42.139s] GC(4) Survivor regions: 7->11(13)
[2023-04-06T15:27:25.870+0800][42.139s] GC(4) Old regions: 12->12
[2023-04-06T15:27:25.870+0800][42.139s] GC(4) Humongous regions: 5->4
[2023-04-06T15:27:25.870+0800][42.139s] GC(4) Metaspace: 34429K->34429K(1081344K)
[2023-04-06T15:27:25.870+0800][42.139s] GC(4) Pause Young (Concurrent Start) (Metadata GC Threshold) 102M->25M(512M) 4.162ms
[2023-04-06T15:27:25.870+0800][42.139s] GC(4) User=0.04s Sys=0.00s Real=0.01s
[2023-04-06T15:27:25.870+0800][42.139s] GC(5) Concurrent Cycle
[2023-04-06T15:27:25.870+0800][42.139s] GC(5) Concurrent Clear Claimed Marks
[2023-04-06T15:27:25.870+0800][42.139s] GC(5) Concurrent Clear Claimed Marks 0.019ms
[2023-04-06T15:27:25.870+0800][42.139s] GC(5) Concurrent Scan Root Regions
[2023-04-06T15:27:25.872+0800][42.141s] GC(5) Concurrent Scan Root Regions 1.966ms
[2023-04-06T15:27:25.872+0800][42.141s] GC(5) Concurrent Mark (42.141s)
[2023-04-06T15:27:25.872+0800][42.141s] GC(5) Concurrent Mark From Roots
[2023-04-06T15:27:25.872+0800][42.141s] GC(5) Using 3 workers of 3 for marking
[2023-04-06T15:27:25.887+0800][42.155s] GC(5) Concurrent Mark From Roots 14.578ms
[2023-04-06T15:27:25.887+0800][42.155s] GC(5) Concurrent Preclean
[2023-04-06T15:27:25.887+0800][42.155s] GC(5) Concurrent Preclean 0.041ms
[2023-04-06T15:27:25.887+0800][42.155s] GC(5) Concurrent Mark (42.141s, 42.155s) 14.745ms
[2023-04-06T15:27:25.887+0800][42.156s] GC(5) Pause Remark
[2023-04-06T15:27:25.891+0800][42.159s] GC(5) Cleaned string and symbol table, strings: 15831 processed, 15 removed, symbols: 111704 processed, 45 removed
[2023-04-06T15:27:25.891+0800][42.160s] GC(5) Pause Remark 27M->27M(512M) 3.921ms
[2023-04-06T15:27:25.891+0800][42.160s] GC(5) User=0.03s Sys=0.00s Real=0.01s
[2023-04-06T15:27:25.891+0800][42.160s] GC(5) Concurrent Rebuild Remembered Sets
[2023-04-06T15:27:25.896+0800][42.165s] GC(5) Concurrent Rebuild Remembered Sets 4.945ms
[2023-04-06T15:27:25.896+0800][42.165s] GC(5) Pause Cleanup
[2023-04-06T15:27:25.896+0800][42.165s] GC(5) Pause Cleanup 27M->27M(512M) 0.124ms
[2023-04-06T15:27:25.897+0800][42.165s] GC(5) User=0.00s Sys=0.00s Real=0.00s
[2023-04-06T15:27:25.897+0800][42.165s] GC(5) Concurrent Cleanup for Next Mark
[2023-04-06T15:27:25.897+0800][42.166s] GC(5) Concurrent Cleanup for Next Mark 0.766ms
[2023-04-06T15:27:25.897+0800][42.166s] GC(5) Concurrent Cycle 27.203ms
[2023-04-06T15:27:27.519+0800][43.788s] GC(6) Pause Young (Concurrent Start) (GCLocker Initiated GC)
[2023-04-06T15:27:27.519+0800][43.788s] GC(6) Using 13 workers of 13 for evacuation
[2023-04-06T15:27:27.534+0800][43.802s] GC(6)   Pre Evacuate Collection Set: 0.1ms
[2023-04-06T15:27:27.534+0800][43.802s] GC(6)   Evacuate Collection Set: 13.2ms
[2023-04-06T15:27:27.534+0800][43.802s] GC(6)   Post Evacuate Collection Set: 0.9ms
[2023-04-06T15:27:27.534+0800][43.802s] GC(6)   Other: 0.3ms
[2023-04-06T15:27:27.534+0800][43.802s] GC(6) Eden regions: 281->0(280)
[2023-04-06T15:27:27.534+0800][43.802s] GC(6) Survivor regions: 11->27(39)
[2023-04-06T15:27:27.534+0800][43.802s] GC(6) Old regions: 12->12
[2023-04-06T15:27:27.534+0800][43.802s] GC(6) Humongous regions: 5->4
[2023-04-06T15:27:27.534+0800][43.802s] GC(6) Metaspace: 58466K->58466K(1101824K)
[2023-04-06T15:27:27.534+0800][43.802s] GC(6) Pause Young (Concurrent Start) (GCLocker Initiated GC) 307M->41M(512M) 14.656ms
[2023-04-06T15:27:27.534+0800][43.802s] GC(6) User=0.12s Sys=0.01s Real=0.02s
[2023-04-06T15:27:27.534+0800][43.802s] GC(7) Concurrent Cycle
[2023-04-06T15:27:27.534+0800][43.802s] GC(7) Concurrent Clear Claimed Marks
[2023-04-06T15:27:27.534+0800][43.803s] GC(7) Concurrent Clear Claimed Marks 0.087ms
[2023-04-06T15:27:27.534+0800][43.803s] GC(7) Concurrent Scan Root Regions
[2023-04-06T15:27:27.542+0800][43.810s] GC(7) Concurrent Scan Root Regions 7.707ms
[2023-04-06T15:27:27.542+0800][43.810s] GC(7) Concurrent Mark (43.810s)
[2023-04-06T15:27:27.542+0800][43.810s] GC(7) Concurrent Mark From Roots
[2023-04-06T15:27:27.542+0800][43.810s] GC(7) Using 3 workers of 3 for marking
[2023-04-06T15:27:27.560+0800][43.828s] GC(7) Concurrent Mark From Roots 18.065ms
[2023-04-06T15:27:27.560+0800][43.828s] GC(7) Concurrent Preclean
[2023-04-06T15:27:27.560+0800][43.829s] GC(7) Concurrent Preclean 0.122ms
[2023-04-06T15:27:27.560+0800][43.829s] GC(7) Concurrent Mark (43.810s, 43.829s) 18.286ms
[2023-04-06T15:27:27.560+0800][43.829s] GC(7) Pause Remark
[2023-04-06T15:27:27.564+0800][43.833s] GC(7) Cleaned string and symbol table, strings: 27675 processed, 0 removed, symbols: 181017 processed, 331 removed
[2023-04-06T15:27:27.565+0800][43.833s] GC(7) Pause Remark 54M->54M(512M) 4.044ms
[2023-04-06T15:27:27.565+0800][43.833s] GC(7) User=0.05s Sys=0.00s Real=0.00s
[2023-04-06T15:27:27.565+0800][43.833s] GC(7) Concurrent Rebuild Remembered Sets
[2023-04-06T15:27:27.574+0800][43.843s] GC(7) Concurrent Rebuild Remembered Sets 9.684ms
[2023-04-06T15:27:27.575+0800][43.843s] GC(7) Pause Cleanup
[2023-04-06T15:27:27.575+0800][43.843s] GC(7) Pause Cleanup 55M->55M(512M) 0.126ms
[2023-04-06T15:27:27.575+0800][43.843s] GC(7) User=0.01s Sys=0.00s Real=0.00s
[2023-04-06T15:27:27.575+0800][43.843s] GC(7) Concurrent Cleanup for Next Mark
[2023-04-06T15:27:27.576+0800][43.844s] GC(7) Concurrent Cleanup for Next Mark 0.789ms
[2023-04-06T15:27:27.576+0800][43.844s] GC(7) Concurrent Cycle 41.548ms
[2023-04-06T21:44:36.998+0800][8697.981s] GC(8) Pause Young (Concurrent Start) (G1 Evacuation Pause)
[2023-04-06T21:44:36.999+0800][8697.982s] GC(8) Using 13 workers of 13 for evacuation
[2023-04-06T21:44:37.185+0800][8698.167s] GC(8)   Pre Evacuate Collection Set: 7.6ms
[2023-04-06T21:44:37.185+0800][8698.167s] GC(8)   Evacuate Collection Set: 172.4ms
[2023-04-06T21:44:37.185+0800][8698.167s] GC(8)   Post Evacuate Collection Set: 2.6ms
[2023-04-06T21:44:37.185+0800][8698.167s] GC(8)   Other: 3.9ms
[2023-04-06T21:44:37.185+0800][8698.167s] GC(8) Eden regions: 280->0(274)
[2023-04-06T21:44:37.185+0800][8698.167s] GC(8) Survivor regions: 27->33(39)
[2023-04-06T21:44:37.185+0800][8698.167s] GC(8) Old regions: 12->21
[2023-04-06T21:44:37.185+0800][8698.168s] GC(8) Humongous regions: 4->4
[2023-04-06T21:44:37.185+0800][8698.168s] GC(8) Metaspace: 69366K->69366K(1112064K)
[2023-04-06T21:44:37.185+0800][8698.168s] GC(8) Pause Young (Concurrent Start) (G1 Evacuation Pause) 321M->57M(512M) 186.595ms
[2023-04-06T21:44:37.185+0800][8698.168s] GC(8) User=0.21s Sys=0.35s Real=0.19s
[2023-04-06T21:44:37.185+0800][8698.168s] GC(9) Concurrent Cycle
[2023-04-06T21:44:37.185+0800][8698.168s] GC(9) Concurrent Clear Claimed Marks
[2023-04-06T21:44:37.185+0800][8698.168s] GC(9) Concurrent Clear Claimed Marks 0.158ms
[2023-04-06T21:44:37.185+0800][8698.168s] GC(9) Concurrent Scan Root Regions
[2023-04-06T21:44:37.197+0800][8698.180s] GC(9) Concurrent Scan Root Regions 12.034ms
[2023-04-06T21:44:37.197+0800][8698.180s] GC(9) Concurrent Mark (8698.180s)
[2023-04-06T21:44:37.197+0800][8698.180s] GC(9) Concurrent Mark From Roots
[2023-04-06T21:44:37.197+0800][8698.180s] GC(9) Using 3 workers of 3 for marking
[2023-04-06T21:44:37.223+0800][8698.205s] GC(9) Concurrent Mark From Roots 25.356ms
[2023-04-06T21:44:37.223+0800][8698.205s] GC(9) Concurrent Preclean
[2023-04-06T21:44:37.223+0800][8698.206s] GC(9) Concurrent Preclean 0.358ms
[2023-04-06T21:44:37.223+0800][8698.206s] GC(9) Concurrent Mark (8698.180s, 8698.206s) 25.797ms
[2023-04-06T21:44:37.223+0800][8698.206s] GC(9) Pause Remark
[2023-04-06T21:44:37.286+0800][8698.269s] GC(9) Cleaned string and symbol table, strings: 32574 processed, 388 removed, symbols: 197298 processed, 337 removed
[2023-04-06T21:44:37.286+0800][8698.269s] GC(9) Pause Remark 63M->63M(512M) 63.103ms
[2023-04-06T21:44:37.286+0800][8698.269s] GC(9) User=0.10s Sys=0.19s Real=0.06s
[2023-04-06T21:44:37.286+0800][8698.269s] GC(9) Concurrent Rebuild Remembered Sets
[2023-04-06T21:44:37.292+0800][8698.275s] GC(9) Concurrent Rebuild Remembered Sets 6.056ms
[2023-04-06T21:44:37.293+0800][8698.275s] GC(9) Pause Cleanup
[2023-04-06T21:44:37.293+0800][8698.275s] GC(9) Pause Cleanup 64M->64M(512M) 0.119ms
[2023-04-06T21:44:37.293+0800][8698.275s] GC(9) User=0.00s Sys=0.00s Real=0.00s
[2023-04-06T21:44:37.293+0800][8698.276s] GC(9) Concurrent Cleanup for Next Mark
[2023-04-06T21:44:37.297+0800][8698.279s] GC(9) Concurrent Cleanup for Next Mark 3.862ms
[2023-04-06T21:44:37.297+0800][8698.279s] GC(9) Concurrent Cycle 111.819ms
[2023-04-06T21:47:27.514+0800][8868.504s] GC(10) Pause Young (Normal) (G1 Evacuation Pause)
[2023-04-06T21:47:27.514+0800][8868.504s] GC(10) Using 13 workers of 13 for evacuation
[2023-04-06T21:47:27.530+0800][8868.519s] GC(10)   Pre Evacuate Collection Set: 0.0ms
[2023-04-06T21:47:27.530+0800][8868.519s] GC(10)   Evacuate Collection Set: 13.9ms
[2023-04-06T21:47:27.530+0800][8868.519s] GC(10)   Post Evacuate Collection Set: 1.3ms
[2023-04-06T21:47:27.530+0800][8868.519s] GC(10)   Other: 0.2ms
[2023-04-06T21:47:27.530+0800][8868.519s] GC(10) Eden regions: 274->0(279)
[2023-04-06T21:47:27.530+0800][8868.519s] GC(10) Survivor regions: 33->28(39)
[2023-04-06T21:47:27.530+0800][8868.519s] GC(10) Old regions: 21->37
[2023-04-06T21:47:27.530+0800][8868.519s] GC(10) Humongous regions: 4->4
[2023-04-06T21:47:27.530+0800][8868.519s] GC(10) Metaspace: 71440K->71440K(1114112K)
[2023-04-06T21:47:27.530+0800][8868.519s] GC(10) Pause Young (Normal) (G1 Evacuation Pause) 331M->67M(512M) 15.525ms
[2023-04-06T21:47:27.530+0800][8868.519s] GC(10) User=0.14s Sys=0.06s Real=0.02s
[2023-04-06T21:51:07.091+0800][9088.080s] GC(11) Pause Young (Normal) (G1 Evacuation Pause)
[2023-04-06T21:51:07.092+0800][9088.081s] GC(11) Using 13 workers of 13 for evacuation
[2023-04-06T21:51:07.099+0800][9088.089s] GC(11)   Pre Evacuate Collection Set: 0.0ms
[2023-04-06T21:51:07.099+0800][9088.089s] GC(11)   Evacuate Collection Set: 6.6ms
[2023-04-06T21:51:07.099+0800][9088.089s] GC(11)   Post Evacuate Collection Set: 1.2ms
[2023-04-06T21:51:07.100+0800][9088.089s] GC(11)   Other: 1.1ms
[2023-04-06T21:51:07.100+0800][9088.089s] GC(11) Eden regions: 279->0(299)
[2023-04-06T21:51:07.100+0800][9088.089s] GC(11) Survivor regions: 28->8(39)
[2023-04-06T21:51:07.100+0800][9088.089s] GC(11) Old regions: 37->48
[2023-04-06T21:51:07.100+0800][9088.089s] GC(11) Humongous regions: 4->4
[2023-04-06T21:51:07.100+0800][9088.089s] GC(11) Metaspace: 72300K->72300K(1114112K)
[2023-04-06T21:51:07.100+0800][9088.089s] GC(11) Pause Young (Normal) (G1 Evacuation Pause) 346M->59M(512M) 8.415ms
[2023-04-06T21:51:07.100+0800][9088.089s] GC(11) User=0.07s Sys=0.02s Real=0.01s
[2023-04-06T22:06:26.420+0800][10007.399s] GC(12) Pause Young (Normal) (G1 Evacuation Pause)
[2023-04-06T22:06:26.421+0800][10007.400s] GC(12) Using 13 workers of 13 for evacuation
[2023-04-06T22:06:26.458+0800][10007.437s] GC(12)   Pre Evacuate Collection Set: 0.7ms
[2023-04-06T22:06:26.458+0800][10007.437s] GC(12)   Evacuate Collection Set: 34.4ms
[2023-04-06T22:06:26.458+0800][10007.437s] GC(12)   Post Evacuate Collection Set: 0.8ms
[2023-04-06T22:06:26.458+0800][10007.437s] GC(12)   Other: 2.0ms
[2023-04-06T22:06:26.458+0800][10007.437s] GC(12) Eden regions: 299->0(289)
[2023-04-06T22:06:26.458+0800][10007.437s] GC(12) Survivor regions: 8->18(39)
[2023-04-06T22:06:26.458+0800][10007.437s] GC(12) Old regions: 48->48
[2023-04-06T22:06:26.458+0800][10007.437s] GC(12) Humongous regions: 4->4
[2023-04-06T22:06:26.458+0800][10007.437s] GC(12) Metaspace: 72402K->72402K(1114112K)
[2023-04-06T22:06:26.458+0800][10007.437s] GC(12) Pause Young (Normal) (G1 Evacuation Pause) 358M->69M(512M) 37.951ms
[2023-04-06T22:06:26.458+0800][10007.437s] GC(12) User=0.05s Sys=0.22s Real=0.03s
[2023-04-06T22:23:29.330+0800][11030.300s] Heap
[2023-04-06T22:23:29.331+0800][11030.300s]  garbage-first heap   total 524288K, used 340084K [0x00000007e0000000, 0x0000000800000000)
[2023-04-06T22:23:29.331+0800][11030.300s]   region size 1024K, 283 young (289792K), 18 survivors (18432K)
[2023-04-06T22:23:29.331+0800][11030.300s]  Metaspace       used 73606K, capacity 76228K, committed 76444K, reserved 1116160K
[2023-04-06T22:23:29.331+0800][11030.300s]   class space    used 8683K, capacity 9745K, committed 9856K, reserved 1048576K
