[2023-04-08T00:20:25.153+0800][0.007s] Heap region size: 1M
[2023-04-08T00:20:25.347+0800][0.201s] Using G1
[2023-04-08T00:20:25.347+0800][0.201s] Heap address: 0x00000007e0000000, size: 512 MB, Compressed Oops mode: Zero based, Oop shift amount: 3
[2023-04-08T00:20:25.846+0800][0.700s] GC(0) Pause Young (Normal) (G1 Evacuation Pause)
[2023-04-08T00:20:25.846+0800][0.700s] GC(0) Using 12 workers of 13 for evacuation
[2023-04-08T00:20:25.849+0800][0.703s] GC(0)   Pre Evacuate Collection Set: 0.0ms
[2023-04-08T00:20:25.849+0800][0.703s] GC(0)   Evacuate Collection Set: 1.8ms
[2023-04-08T00:20:25.849+0800][0.703s] GC(0)   Post Evacuate Collection Set: 0.4ms
[2023-04-08T00:20:25.849+0800][0.703s] GC(0)   Other: 0.6ms
[2023-04-08T00:20:25.849+0800][0.703s] GC(0) Eden regions: 30->0(303)
[2023-04-08T00:20:25.849+0800][0.703s] GC(0) Survivor regions: 0->4(4)
[2023-04-08T00:20:25.849+0800][0.703s] GC(0) Old regions: 0->0
[2023-04-08T00:20:25.849+0800][0.703s] GC(0) Humongous regions: 0->0
[2023-04-08T00:20:25.849+0800][0.703s] GC(0) Metaspace: 13348K->13348K(1060864K)
[2023-04-08T00:20:25.849+0800][0.703s] GC(0) Pause Young (Normal) (G1 Evacuation Pause) 30M->3M(512M) 2.925ms
[2023-04-08T00:20:25.849+0800][0.703s] GC(0) User=0.02s Sys=0.00s Real=0.00s
[2023-04-08T00:20:26.185+0800][1.039s] GC(1) Pause Young (Concurrent Start) (Metadata GC Threshold)
[2023-04-08T00:20:26.185+0800][1.039s] GC(1) Using 12 workers of 13 for evacuation
[2023-04-08T00:20:26.195+0800][1.049s] GC(1)   Pre Evacuate Collection Set: 0.0ms
[2023-04-08T00:20:26.195+0800][1.049s] GC(1)   Evacuate Collection Set: 8.8ms
[2023-04-08T00:20:26.195+0800][1.049s] GC(1)   Post Evacuate Collection Set: 1.0ms
[2023-04-08T00:20:26.195+0800][1.049s] GC(1)   Other: 0.2ms
[2023-04-08T00:20:26.195+0800][1.049s] GC(1) Eden regions: 30->0(252)
[2023-04-08T00:20:26.195+0800][1.049s] GC(1) Survivor regions: 4->12(39)
[2023-04-08T00:20:26.195+0800][1.049s] GC(1) Old regions: 0->0
[2023-04-08T00:20:26.195+0800][1.049s] GC(1) Humongous regions: 4->4
[2023-04-08T00:20:26.195+0800][1.049s] GC(1) Metaspace: 20467K->20467K(1069056K)
[2023-04-08T00:20:26.195+0800][1.049s] GC(1) Pause Young (Concurrent Start) (Metadata GC Threshold) 36M->15M(512M) 10.091ms
[2023-04-08T00:20:26.195+0800][1.049s] GC(1) User=0.07s Sys=0.00s Real=0.01s
[2023-04-08T00:20:26.195+0800][1.049s] GC(2) Concurrent Cycle
[2023-04-08T00:20:26.195+0800][1.049s] GC(2) Concurrent Clear Claimed Marks
[2023-04-08T00:20:26.195+0800][1.049s] GC(2) Concurrent Clear Claimed Marks 0.021ms
[2023-04-08T00:20:26.195+0800][1.049s] GC(2) Concurrent Scan Root Regions
[2023-04-08T00:20:26.198+0800][1.051s] GC(2) Concurrent Scan Root Regions 2.407ms
[2023-04-08T00:20:26.198+0800][1.051s] GC(2) Concurrent Mark (1.051s)
[2023-04-08T00:20:26.198+0800][1.051s] GC(2) Concurrent Mark From Roots
[2023-04-08T00:20:26.198+0800][1.051s] GC(2) Using 3 workers of 3 for marking
[2023-04-08T00:20:26.198+0800][1.052s] GC(2) Concurrent Mark From Roots 0.681ms
[2023-04-08T00:20:26.198+0800][1.052s] GC(2) Concurrent Preclean
[2023-04-08T00:20:26.198+0800][1.052s] GC(2) Concurrent Preclean 0.034ms
[2023-04-08T00:20:26.198+0800][1.052s] GC(2) Concurrent Mark (1.051s, 1.052s) 0.759ms
[2023-04-08T00:20:26.198+0800][1.052s] GC(2) Pause Remark
[2023-04-08T00:20:26.200+0800][1.054s] GC(2) Cleaned string and symbol table, strings: 8944 processed, 0 removed, symbols: 65422 processed, 17 removed
[2023-04-08T00:20:26.200+0800][1.054s] GC(2) Pause Remark 15M->15M(512M) 1.645ms
[2023-04-08T00:20:26.200+0800][1.054s] GC(2) User=0.02s Sys=0.00s Real=0.01s
[2023-04-08T00:20:26.200+0800][1.054s] GC(2) Concurrent Rebuild Remembered Sets
[2023-04-08T00:20:26.202+0800][1.056s] GC(2) Concurrent Rebuild Remembered Sets 2.370ms
[2023-04-08T00:20:26.203+0800][1.057s] GC(2) Pause Cleanup
[2023-04-08T00:20:26.203+0800][1.057s] GC(2) Pause Cleanup 16M->16M(512M) 0.094ms
[2023-04-08T00:20:26.203+0800][1.057s] GC(2) User=0.00s Sys=0.00s Real=0.00s
[2023-04-08T00:20:26.203+0800][1.057s] GC(2) Concurrent Cleanup for Next Mark
[2023-04-08T00:20:26.203+0800][1.057s] GC(2) Concurrent Cleanup for Next Mark 0.715ms
[2023-04-08T00:20:26.204+0800][1.057s] GC(2) Concurrent Cycle 8.480ms
[2023-04-08T00:21:07.012+0800][41.866s] GC(3) Pause Young (Normal) (G1 Evacuation Pause)
[2023-04-08T00:21:07.012+0800][41.866s] GC(3) Using 13 workers of 13 for evacuation
[2023-04-08T00:21:07.020+0800][41.874s] GC(3)   Pre Evacuate Collection Set: 0.0ms
[2023-04-08T00:21:07.020+0800][41.874s] GC(3)   Evacuate Collection Set: 6.3ms
[2023-04-08T00:21:07.020+0800][41.874s] GC(3)   Post Evacuate Collection Set: 1.2ms
[2023-04-08T00:21:07.020+0800][41.874s] GC(3)   Other: 0.2ms
[2023-04-08T00:21:07.020+0800][41.874s] GC(3) Eden regions: 59->0(99)
[2023-04-08T00:21:07.020+0800][41.874s] GC(3) Survivor regions: 12->8(9)
[2023-04-08T00:21:07.020+0800][41.874s] GC(3) Old regions: 0->12
[2023-04-08T00:21:07.020+0800][41.874s] GC(3) Humongous regions: 4->4
[2023-04-08T00:21:07.020+0800][41.874s] GC(3) Metaspace: 28556K->28556K(1075200K)
[2023-04-08T00:21:07.020+0800][41.874s] GC(3) Pause Young (Normal) (G1 Evacuation Pause) 74M->23M(512M) 7.746ms
[2023-04-08T00:21:07.020+0800][41.874s] GC(3) User=0.08s Sys=0.00s Real=0.01s
[2023-04-08T00:21:07.476+0800][42.330s] GC(4) Pause Young (Concurrent Start) (Metadata GC Threshold)
[2023-04-08T00:21:07.476+0800][42.330s] GC(4) Using 13 workers of 13 for evacuation
[2023-04-08T00:21:07.480+0800][42.334s] GC(4)   Pre Evacuate Collection Set: 0.0ms
[2023-04-08T00:21:07.480+0800][42.334s] GC(4)   Evacuate Collection Set: 3.4ms
[2023-04-08T00:21:07.480+0800][42.335s] GC(4)   Post Evacuate Collection Set: 1.0ms
[2023-04-08T00:21:07.480+0800][42.335s] GC(4)   Other: 0.2ms
[2023-04-08T00:21:07.480+0800][42.335s] GC(4) Eden regions: 63->0(250)
[2023-04-08T00:21:07.480+0800][42.335s] GC(4) Survivor regions: 8->10(14)
[2023-04-08T00:21:07.480+0800][42.335s] GC(4) Old regions: 12->12
[2023-04-08T00:21:07.480+0800][42.335s] GC(4) Humongous regions: 5->4
[2023-04-08T00:21:07.480+0800][42.335s] GC(4) Metaspace: 34427K->34427K(1081344K)
[2023-04-08T00:21:07.481+0800][42.335s] GC(4) Pause Young (Concurrent Start) (Metadata GC Threshold) 87M->25M(512M) 4.798ms
[2023-04-08T00:21:07.481+0800][42.335s] GC(4) User=0.03s Sys=0.00s Real=0.01s
[2023-04-08T00:21:07.481+0800][42.335s] GC(5) Concurrent Cycle
[2023-04-08T00:21:07.481+0800][42.335s] GC(5) Concurrent Clear Claimed Marks
[2023-04-08T00:21:07.481+0800][42.335s] GC(5) Concurrent Clear Claimed Marks 0.026ms
[2023-04-08T00:21:07.481+0800][42.335s] GC(5) Concurrent Scan Root Regions
[2023-04-08T00:21:07.482+0800][42.336s] GC(5) Concurrent Scan Root Regions 1.587ms
[2023-04-08T00:21:07.482+0800][42.336s] GC(5) Concurrent Mark (42.336s)
[2023-04-08T00:21:07.482+0800][42.336s] GC(5) Concurrent Mark From Roots
[2023-04-08T00:21:07.482+0800][42.336s] GC(5) Using 3 workers of 3 for marking
[2023-04-08T00:21:07.498+0800][42.352s] GC(5) Concurrent Mark From Roots 15.652ms
[2023-04-08T00:21:07.498+0800][42.352s] GC(5) Concurrent Preclean
[2023-04-08T00:21:07.498+0800][42.352s] GC(5) Concurrent Preclean 0.061ms
[2023-04-08T00:21:07.498+0800][42.352s] GC(5) Concurrent Mark (42.336s, 42.352s) 15.791ms
[2023-04-08T00:21:07.498+0800][42.352s] GC(5) Pause Remark
[2023-04-08T00:21:07.502+0800][42.356s] GC(5) Cleaned string and symbol table, strings: 15777 processed, 15 removed, symbols: 111658 processed, 45 removed
[2023-04-08T00:21:07.502+0800][42.356s] GC(5) Pause Remark 26M->26M(512M) 3.733ms
[2023-04-08T00:21:07.502+0800][42.356s] GC(5) User=0.04s Sys=0.00s Real=0.01s
[2023-04-08T00:21:07.502+0800][42.356s] GC(5) Concurrent Rebuild Remembered Sets
[2023-04-08T00:21:07.508+0800][42.362s] GC(5) Concurrent Rebuild Remembered Sets 5.793ms
[2023-04-08T00:21:07.509+0800][42.363s] GC(5) Pause Cleanup
[2023-04-08T00:21:07.510+0800][42.364s] GC(5) Pause Cleanup 27M->27M(512M) 0.464ms
[2023-04-08T00:21:07.510+0800][42.364s] GC(5) User=0.00s Sys=0.00s Real=0.01s
[2023-04-08T00:21:07.510+0800][42.364s] GC(5) Concurrent Cleanup for Next Mark
[2023-04-08T00:21:07.512+0800][42.366s] GC(5) Concurrent Cleanup for Next Mark 1.630ms
[2023-04-08T00:21:07.512+0800][42.366s] GC(5) Concurrent Cycle 31.170ms
[2023-04-08T00:21:09.003+0800][43.857s] GC(6) Pause Young (Concurrent Start) (G1 Evacuation Pause)
[2023-04-08T00:21:09.003+0800][43.857s] GC(6) Using 13 workers of 13 for evacuation
[2023-04-08T00:21:09.016+0800][43.870s] GC(6)   Pre Evacuate Collection Set: 0.0ms
[2023-04-08T00:21:09.016+0800][43.870s] GC(6)   Evacuate Collection Set: 10.9ms
[2023-04-08T00:21:09.016+0800][43.870s] GC(6)   Post Evacuate Collection Set: 1.3ms
[2023-04-08T00:21:09.016+0800][43.870s] GC(6)   Other: 0.2ms
[2023-04-08T00:21:09.016+0800][43.870s] GC(6) Eden regions: 250->0(272)
[2023-04-08T00:21:09.016+0800][43.870s] GC(6) Survivor regions: 10->26(33)
[2023-04-08T00:21:09.016+0800][43.870s] GC(6) Old regions: 12->12
[2023-04-08T00:21:09.016+0800][43.870s] GC(6) Humongous regions: 5->4
[2023-04-08T00:21:09.016+0800][43.870s] GC(6) Metaspace: 56524K->56524K(1099776K)
[2023-04-08T00:21:09.016+0800][43.870s] GC(6) Pause Young (Concurrent Start) (G1 Evacuation Pause) 276M->40M(512M) 12.644ms
[2023-04-08T00:21:09.016+0800][43.870s] GC(6) User=0.08s Sys=0.00s Real=0.01s
[2023-04-08T00:21:09.016+0800][43.870s] GC(7) Concurrent Cycle
[2023-04-08T00:21:09.016+0800][43.870s] GC(7) Concurrent Clear Claimed Marks
[2023-04-08T00:21:09.016+0800][43.870s] GC(7) Concurrent Clear Claimed Marks 0.102ms
[2023-04-08T00:21:09.016+0800][43.870s] GC(7) Concurrent Scan Root Regions
[2023-04-08T00:21:09.021+0800][43.875s] GC(7) Concurrent Scan Root Regions 4.813ms
[2023-04-08T00:21:09.021+0800][43.875s] GC(7) Concurrent Mark (43.875s)
[2023-04-08T00:21:09.021+0800][43.875s] GC(7) Concurrent Mark From Roots
[2023-04-08T00:21:09.021+0800][43.875s] GC(7) Using 3 workers of 3 for marking
[2023-04-08T00:21:09.033+0800][43.887s] GC(7) Concurrent Mark From Roots 12.423ms
[2023-04-08T00:21:09.033+0800][43.887s] GC(7) Concurrent Preclean
[2023-04-08T00:21:09.033+0800][43.887s] GC(7) Concurrent Preclean 0.062ms
[2023-04-08T00:21:09.033+0800][43.887s] GC(7) Concurrent Mark (43.875s, 43.887s) 12.549ms
[2023-04-08T00:21:09.034+0800][43.888s] GC(7) Pause Remark
[2023-04-08T00:21:09.037+0800][43.891s] GC(7) Cleaned string and symbol table, strings: 26317 processed, 0 removed, symbols: 173806 processed, 173 removed
[2023-04-08T00:21:09.038+0800][43.892s] GC(7) Pause Remark 46M->46M(512M) 4.002ms
[2023-04-08T00:21:09.038+0800][43.892s] GC(7) User=0.05s Sys=0.00s Real=0.00s
[2023-04-08T00:21:09.038+0800][43.892s] GC(7) Concurrent Rebuild Remembered Sets
[2023-04-08T00:21:09.046+0800][43.901s] GC(7) Concurrent Rebuild Remembered Sets 8.772ms
[2023-04-08T00:21:09.048+0800][43.902s] GC(7) Pause Cleanup
[2023-04-08T00:21:09.048+0800][43.903s] GC(7) Pause Cleanup 48M->48M(512M) 0.226ms
[2023-04-08T00:21:09.049+0800][43.903s] GC(7) User=0.00s Sys=0.00s Real=0.00s
[2023-04-08T00:21:09.049+0800][43.903s] GC(7) Concurrent Cleanup for Next Mark
[2023-04-08T00:21:09.049+0800][43.904s] GC(7) Concurrent Cleanup for Next Mark 0.787ms
[2023-04-08T00:21:09.049+0800][43.904s] GC(7) Concurrent Cycle 33.597ms
[2023-04-08T21:47:29.273+0800][19372.504s] GC(8) Pause Young (Normal) (G1 Evacuation Pause)
[2023-04-08T21:47:29.278+0800][19372.508s] GC(8) Using 13 workers of 13 for evacuation
[2023-04-08T21:47:30.186+0800][19373.416s] GC(8) MMU target violated: 251.0ms (250.0ms/251.0ms)
[2023-04-08T21:47:30.186+0800][19373.416s] GC(8)   Pre Evacuate Collection Set: 4.4ms
[2023-04-08T21:47:30.186+0800][19373.416s] GC(8)   Evacuate Collection Set: 883.0ms
[2023-04-08T21:47:30.186+0800][19373.416s] GC(8)   Post Evacuate Collection Set: 11.4ms
[2023-04-08T21:47:30.186+0800][19373.416s] GC(8)   Other: 16.0ms
[2023-04-08T21:47:30.186+0800][19373.416s] GC(8) Eden regions: 272->0(54)
[2023-04-08T21:47:30.186+0800][19373.416s] GC(8) Survivor regions: 26->36(38)
[2023-04-08T21:47:30.186+0800][19373.416s] GC(8) Old regions: 12->19
[2023-04-08T21:47:30.186+0800][19373.416s] GC(8) Humongous regions: 4->4
[2023-04-08T21:47:30.187+0800][19373.416s] GC(8) Metaspace: 70358K->70358K(1114112K)
[2023-04-08T21:47:30.187+0800][19373.416s] GC(8) Pause Young (Normal) (G1 Evacuation Pause) 312M->57M(512M) 913.919ms
[2023-04-08T21:47:30.187+0800][19373.416s] GC(8) User=0.22s Sys=1.43s Real=0.91s
[2023-04-09T15:40:26.574+0800][33227.331s] GC(9) Pause Young (Normal) (G1 Evacuation Pause)
[2023-04-09T15:40:26.576+0800][33227.332s] GC(9) Using 13 workers of 13 for evacuation
[2023-04-09T15:40:26.684+0800][33227.441s] GC(9)   Pre Evacuate Collection Set: 4.2ms
[2023-04-09T15:40:26.684+0800][33227.441s] GC(9)   Evacuate Collection Set: 99.9ms
[2023-04-09T15:40:26.684+0800][33227.441s] GC(9)   Post Evacuate Collection Set: 1.5ms
[2023-04-09T15:40:26.684+0800][33227.441s] GC(9)   Other: 4.1ms
[2023-04-09T15:40:26.684+0800][33227.441s] GC(9) Eden regions: 42->0(302)
[2023-04-09T15:40:26.684+0800][33227.441s] GC(9) Survivor regions: 36->5(10)
[2023-04-09T15:40:26.684+0800][33227.441s] GC(9) Old regions: 19->51
[2023-04-09T15:40:26.684+0800][33227.441s] GC(9) Humongous regions: 4->4
[2023-04-09T15:40:26.684+0800][33227.441s] GC(9) Metaspace: 71710K->71710K(1114112K)
[2023-04-09T15:40:26.684+0800][33227.441s] GC(9) Pause Young (Normal) (G1 Evacuation Pause) 99M->59M(512M) 109.831ms
[2023-04-09T15:40:26.684+0800][33227.441s] GC(9) User=0.32s Sys=0.42s Real=0.11s
[2023-04-09T15:40:32.082+0800][33232.838s] GC(10) Pause Young (Normal) (G1 Evacuation Pause)
[2023-04-09T15:40:32.082+0800][33232.838s] GC(10) Using 13 workers of 13 for evacuation
[2023-04-09T15:40:32.088+0800][33232.845s] GC(10)   Pre Evacuate Collection Set: 0.0ms
[2023-04-09T15:40:32.088+0800][33232.845s] GC(10)   Evacuate Collection Set: 4.9ms
[2023-04-09T15:40:32.088+0800][33232.845s] GC(10)   Post Evacuate Collection Set: 1.2ms
[2023-04-09T15:40:32.088+0800][33232.845s] GC(10)   Other: 1.3ms
[2023-04-09T15:40:32.088+0800][33232.845s] GC(10) Eden regions: 302->0(291)
[2023-04-09T15:40:32.088+0800][33232.845s] GC(10) Survivor regions: 5->16(39)
[2023-04-09T15:40:32.088+0800][33232.845s] GC(10) Old regions: 51->51
[2023-04-09T15:40:32.088+0800][33232.845s] GC(10) Humongous regions: 4->4
[2023-04-09T15:40:32.088+0800][33232.845s] GC(10) Metaspace: 73196K->73196K(1116160K)
[2023-04-09T15:40:32.088+0800][33232.845s] GC(10) Pause Young (Normal) (G1 Evacuation Pause) 361M->70M(512M) 6.699ms
[2023-04-09T15:40:32.088+0800][33232.845s] GC(10) User=0.04s Sys=0.01s Real=0.00s
[2023-04-09T19:04:11.290+0800][45104.679s] GC(11) Pause Young (Normal) (G1 Evacuation Pause)
[2023-04-09T19:04:11.291+0800][45104.680s] GC(11) Using 13 workers of 13 for evacuation
[2023-04-09T19:04:11.379+0800][45104.768s] GC(11)   Pre Evacuate Collection Set: 2.8ms
[2023-04-09T19:04:11.379+0800][45104.768s] GC(11)   Evacuate Collection Set: 78.4ms
[2023-04-09T19:04:11.379+0800][45104.768s] GC(11)   Post Evacuate Collection Set: 3.2ms
[2023-04-09T19:04:11.379+0800][45104.768s] GC(11)   Other: 5.6ms
[2023-04-09T19:04:11.379+0800][45104.768s] GC(11) Eden regions: 291->0(303)
[2023-04-09T19:04:11.379+0800][45104.768s] GC(11) Survivor regions: 16->4(39)
[2023-04-09T19:04:11.379+0800][45104.768s] GC(11) Old regions: 51->51
[2023-04-09T19:04:11.379+0800][45104.768s] GC(11) Humongous regions: 4->4
[2023-04-09T19:04:11.379+0800][45104.768s] GC(11) Metaspace: 74398K->74398K(1116160K)
[2023-04-09T19:04:11.379+0800][45104.768s] GC(11) Pause Young (Normal) (G1 Evacuation Pause) 361M->58M(512M) 89.103ms
[2023-04-09T19:04:11.379+0800][45104.768s] GC(11) User=0.41s Sys=0.18s Real=0.08s
[2023-04-09T19:04:15.278+0800][45108.667s] GC(12) Pause Young (Normal) (G1 Evacuation Pause)
[2023-04-09T19:04:15.278+0800][45108.667s] GC(12) Using 13 workers of 13 for evacuation
[2023-04-09T19:04:15.383+0800][45108.772s] GC(12)   Pre Evacuate Collection Set: 0.0ms
[2023-04-09T19:04:15.383+0800][45108.772s] GC(12)   Evacuate Collection Set: 103.4ms
[2023-04-09T19:04:15.383+0800][45108.772s] GC(12)   Post Evacuate Collection Set: 0.5ms
[2023-04-09T19:04:15.383+0800][45108.772s] GC(12)   Other: 0.5ms
[2023-04-09T19:04:15.383+0800][45108.772s] GC(12) Eden regions: 303->0(288)
[2023-04-09T19:04:15.383+0800][45108.772s] GC(12) Survivor regions: 4->19(39)
[2023-04-09T19:04:15.383+0800][45108.772s] GC(12) Old regions: 51->51
[2023-04-09T19:04:15.383+0800][45108.772s] GC(12) Humongous regions: 4->4
[2023-04-09T19:04:15.383+0800][45108.772s] GC(12) Metaspace: 74406K->74406K(1116160K)
[2023-04-09T19:04:15.383+0800][45108.772s] GC(12) Pause Young (Normal) (G1 Evacuation Pause) 361M->72M(512M) 104.831ms
[2023-04-09T19:04:15.383+0800][45108.772s] GC(12) User=0.04s Sys=0.19s Real=0.11s
[2023-04-09T19:19:57.635+0800][46051.013s] Heap
[2023-04-09T19:19:57.636+0800][46051.013s]  garbage-first heap   total 524288K, used 318164K [0x00000007e0000000, 0x0000000800000000)
[2023-04-09T19:19:57.636+0800][46051.013s]   region size 1024K, 259 young (265216K), 19 survivors (19456K)
[2023-04-09T19:19:57.636+0800][46051.013s]  Metaspace       used 74798K, capacity 77459K, committed 77564K, reserved 1118208K
[2023-04-09T19:19:57.636+0800][46051.013s]   class space    used 8748K, capacity 9852K, committed 9856K, reserved 1048576K
